Archive member included to satisfy reference by file (symbol)

/Applications/STM32CubeIDE.app/Contents/Eclipse/plugins/com.st.stm32cube.ide.mcu.externaltools.gnu-tools-for-stm32.9-2020-q2-update.macos64_2.0.0.202105311346/tools/bin/../lib/gcc/arm-none-eabi/9.3.1/../../../../arm-none-eabi/lib/thumb/v7e-m+fp/hard/libc_nano.a(lib_a-errno.o)
                              ./Core/Src/syscalls.o (__errno)
/Applications/STM32CubeIDE.app/Contents/Eclipse/plugins/com.st.stm32cube.ide.mcu.externaltools.gnu-tools-for-stm32.9-2020-q2-update.macos64_2.0.0.202105311346/tools/bin/../lib/gcc/arm-none-eabi/9.3.1/../../../../arm-none-eabi/lib/thumb/v7e-m+fp/hard/libc_nano.a(lib_a-exit.o)
                              /Applications/STM32CubeIDE.app/Contents/Eclipse/plugins/com.st.stm32cube.ide.mcu.externaltools.gnu-tools-for-stm32.9-2020-q2-update.macos64_2.0.0.202105311346/tools/bin/../lib/gcc/arm-none-eabi/9.3.1/../../../../arm-none-eabi/lib/thumb/v7e-m+fp/hard/crt0.o (exit)
/Applications/STM32CubeIDE.app/Contents/Eclipse/plugins/com.st.stm32cube.ide.mcu.externaltools.gnu-tools-for-stm32.9-2020-q2-update.macos64_2.0.0.202105311346/tools/bin/../lib/gcc/arm-none-eabi/9.3.1/../../../../arm-none-eabi/lib/thumb/v7e-m+fp/hard/libc_nano.a(lib_a-impure.o)
                              /Applications/STM32CubeIDE.app/Contents/Eclipse/plugins/com.st.stm32cube.ide.mcu.externaltools.gnu-tools-for-stm32.9-2020-q2-update.macos64_2.0.0.202105311346/tools/bin/../lib/gcc/arm-none-eabi/9.3.1/../../../../arm-none-eabi/lib/thumb/v7e-m+fp/hard/libc_nano.a(lib_a-exit.o) (_global_impure_ptr)
/Applications/STM32CubeIDE.app/Contents/Eclipse/plugins/com.st.stm32cube.ide.mcu.externaltools.gnu-tools-for-stm32.9-2020-q2-update.macos64_2.0.0.202105311346/tools/bin/../lib/gcc/arm-none-eabi/9.3.1/../../../../arm-none-eabi/lib/thumb/v7e-m+fp/hard/libc_nano.a(lib_a-init.o)
                              /Applications/STM32CubeIDE.app/Contents/Eclipse/plugins/com.st.stm32cube.ide.mcu.externaltools.gnu-tools-for-stm32.9-2020-q2-update.macos64_2.0.0.202105311346/tools/bin/../lib/gcc/arm-none-eabi/9.3.1/../../../../arm-none-eabi/lib/thumb/v7e-m+fp/hard/crt0.o (__libc_init_array)
/Applications/STM32CubeIDE.app/Contents/Eclipse/plugins/com.st.stm32cube.ide.mcu.externaltools.gnu-tools-for-stm32.9-2020-q2-update.macos64_2.0.0.202105311346/tools/bin/../lib/gcc/arm-none-eabi/9.3.1/../../../../arm-none-eabi/lib/thumb/v7e-m+fp/hard/libc_nano.a(lib_a-memcpy-stub.o)
                              ./Middlewares/ST/STM32_USB_Device_Library/Class/MIDI/Src/usbd_midi.o (memcpy)
/Applications/STM32CubeIDE.app/Contents/Eclipse/plugins/com.st.stm32cube.ide.mcu.externaltools.gnu-tools-for-stm32.9-2020-q2-update.macos64_2.0.0.202105311346/tools/bin/../lib/gcc/arm-none-eabi/9.3.1/../../../../arm-none-eabi/lib/thumb/v7e-m+fp/hard/libc_nano.a(lib_a-memset.o)
                              /Applications/STM32CubeIDE.app/Contents/Eclipse/plugins/com.st.stm32cube.ide.mcu.externaltools.gnu-tools-for-stm32.9-2020-q2-update.macos64_2.0.0.202105311346/tools/bin/../lib/gcc/arm-none-eabi/9.3.1/../../../../arm-none-eabi/lib/thumb/v7e-m+fp/hard/crt0.o (memset)
/Applications/STM32CubeIDE.app/Contents/Eclipse/plugins/com.st.stm32cube.ide.mcu.externaltools.gnu-tools-for-stm32.9-2020-q2-update.macos64_2.0.0.202105311346/tools/bin/../lib/gcc/arm-none-eabi/9.3.1/thumb/v7e-m+fp/hard/libgcc.a(_aeabi_uldivmod.o)
                              ./Drivers/STM32F4xx_HAL_Driver/Src/stm32f4xx_hal_rcc.o (__aeabi_uldivmod)
/Applications/STM32CubeIDE.app/Contents/Eclipse/plugins/com.st.stm32cube.ide.mcu.externaltools.gnu-tools-for-stm32.9-2020-q2-update.macos64_2.0.0.202105311346/tools/bin/../lib/gcc/arm-none-eabi/9.3.1/thumb/v7e-m+fp/hard/libgcc.a(_udivmoddi4.o)
                              /Applications/STM32CubeIDE.app/Contents/Eclipse/plugins/com.st.stm32cube.ide.mcu.externaltools.gnu-tools-for-stm32.9-2020-q2-update.macos64_2.0.0.202105311346/tools/bin/../lib/gcc/arm-none-eabi/9.3.1/thumb/v7e-m+fp/hard/libgcc.a(_aeabi_uldivmod.o) (__udivmoddi4)
/Applications/STM32CubeIDE.app/Contents/Eclipse/plugins/com.st.stm32cube.ide.mcu.externaltools.gnu-tools-for-stm32.9-2020-q2-update.macos64_2.0.0.202105311346/tools/bin/../lib/gcc/arm-none-eabi/9.3.1/thumb/v7e-m+fp/hard/libgcc.a(_dvmd_tls.o)
                              /Applications/STM32CubeIDE.app/Contents/Eclipse/plugins/com.st.stm32cube.ide.mcu.externaltools.gnu-tools-for-stm32.9-2020-q2-update.macos64_2.0.0.202105311346/tools/bin/../lib/gcc/arm-none-eabi/9.3.1/thumb/v7e-m+fp/hard/libgcc.a(_aeabi_uldivmod.o) (__aeabi_ldiv0)

Allocating common symbols
Common symbol       size              file

hUsbDeviceFS        0x2d0             ./USB_DEVICE/App/usb_device.o
hpcd_USB_OTG_FS     0x408             ./USB_DEVICE/Target/usbd_conf.o
uwTick              0x4               ./Drivers/STM32F4xx_HAL_Driver/Src/stm32f4xx_hal.o
pFlash              0x20              ./Drivers/STM32F4xx_HAL_Driver/Src/stm32f4xx_hal_flash.o
[...]
Memory Configuration

Name             Origin             Length             Attributes
RAM              0x0000000020000000 0x0000000000010000 xrw
FLASH            0x0000000008000000 0x0000000000040000 xr
*default*        0x0000000000000000 0xffffffffffffffff

Linker script and memory map

LOAD /Applications/STM32CubeIDE.app/Contents/Eclipse/plugins/com.st.stm32cube.ide.mcu.externaltools.gnu-tools-for-stm32.9-2020-q2-update.macos64_2.0.0.202105311346/tools/bin/../lib/gcc/arm-none-eabi/9.3.1/thumb/v7e-m+fp/hard/crti.o
LOAD /Applications/STM32CubeIDE.app/Contents/Eclipse/plugins/com.st.stm32cube.ide.mcu.externaltools.gnu-tools-for-stm32.9-2020-q2-update.macos64_2.0.0.202105311346/tools/bin/../lib/gcc/arm-none-eabi/9.3.1/thumb/v7e-m+fp/hard/crtbegin.o
LOAD /Applications/STM32CubeIDE.app/Contents/Eclipse/plugins/com.st.stm32cube.ide.mcu.externaltools.gnu-tools-for-stm32.9-2020-q2-update.macos64_2.0.0.202105311346/tools/bin/../lib/gcc/arm-none-eabi/9.3.1/../../../../arm-none-eabi/lib/thumb/v7e-m+fp/hard/crt0.o
LOAD ./Core/Src/main.o
LOAD ./Core/Src/stm32f4xx_hal_msp.o
LOAD ./Core/Src/stm32f4xx_it.o
LOAD ./Core/Src/syscalls.o
LOAD ./Core/Src/sysmem.o
LOAD ./Core/Src/system_stm32f4xx.o
LOAD ./Core/Startup/startup_stm32f401ccux.o
LOAD ./Drivers/STM32F4xx_HAL_Driver/Src/stm32f4xx_hal.o
LOAD ./Drivers/STM32F4xx_HAL_Driver/Src/stm32f4xx_hal_cortex.o
LOAD ./Drivers/STM32F4xx_HAL_Driver/Src/stm32f4xx_hal_dma.o
LOAD ./Drivers/STM32F4xx_HAL_Driver/Src/stm32f4xx_hal_dma_ex.o
LOAD ./Drivers/STM32F4xx_HAL_Driver/Src/stm32f4xx_hal_exti.o
LOAD ./Drivers/STM32F4xx_HAL_Driver/Src/stm32f4xx_hal_flash.o
LOAD ./Drivers/STM32F4xx_HAL_Driver/Src/stm32f4xx_hal_flash_ex.o
LOAD ./Drivers/STM32F4xx_HAL_Driver/Src/stm32f4xx_hal_flash_ramfunc.o
LOAD ./Drivers/STM32F4xx_HAL_Driver/Src/stm32f4xx_hal_gpio.o
LOAD ./Drivers/STM32F4xx_HAL_Driver/Src/stm32f4xx_hal_pcd.o
LOAD ./Drivers/STM32F4xx_HAL_Driver/Src/stm32f4xx_hal_pcd_ex.o
LOAD ./Drivers/STM32F4xx_HAL_Driver/Src/stm32f4xx_hal_pwr.o
LOAD ./Drivers/STM32F4xx_HAL_Driver/Src/stm32f4xx_hal_pwr_ex.o
LOAD ./Drivers/STM32F4xx_HAL_Driver/Src/stm32f4xx_hal_rcc.o
LOAD ./Drivers/STM32F4xx_HAL_Driver/Src/stm32f4xx_hal_rcc_ex.o
LOAD ./Drivers/STM32F4xx_HAL_Driver/Src/stm32f4xx_hal_tim.o
LOAD ./Drivers/STM32F4xx_HAL_Driver/Src/stm32f4xx_hal_tim_ex.o
LOAD ./Drivers/STM32F4xx_HAL_Driver/Src/stm32f4xx_ll_usb.o
LOAD ./Middlewares/ST/STM32_USB_Device_Library/Class/AUDIO/Src/usbd_audio.o
LOAD ./Middlewares/ST/STM32_USB_Device_Library/Class/MIDI/Src/usbd_midi.o
LOAD ./Middlewares/ST/STM32_USB_Device_Library/Core/Src/usbd_core.o
LOAD ./Middlewares/ST/STM32_USB_Device_Library/Core/Src/usbd_ctlreq.o
LOAD ./Middlewares/ST/STM32_USB_Device_Library/Core/Src/usbd_ioreq.o
LOAD ./USB_DEVICE/App/usb_device.o
LOAD ./USB_DEVICE/App/usbd_audio_if.o
LOAD ./USB_DEVICE/App/usbd_desc.o
LOAD ./USB_DEVICE/App/usbd_midi_if.o
LOAD ./USB_DEVICE/Target/usbd_conf.o
START GROUP
LOAD /Applications/STM32CubeIDE.app/Contents/Eclipse/plugins/com.st.stm32cube.ide.mcu.externaltools.gnu-tools-for-stm32.9-2020-q2-update.macos64_2.0.0.202105311346/tools/bin/../lib/gcc/arm-none-eabi/9.3.1/../../../../arm-none-eabi/lib/thumb/v7e-m+fp/hard/libc_nano.a
LOAD /Applications/STM32CubeIDE.app/Contents/Eclipse/plugins/com.st.stm32cube.ide.mcu.externaltools.gnu-tools-for-stm32.9-2020-q2-update.macos64_2.0.0.202105311346/tools/bin/../lib/gcc/arm-none-eabi/9.3.1/../../../../arm-none-eabi/lib/thumb/v7e-m+fp/hard/libm.a
END GROUP
START GROUP
LOAD /Applications/STM32CubeIDE.app/Contents/Eclipse/plugins/com.st.stm32cube.ide.mcu.externaltools.gnu-tools-for-stm32.9-2020-q2-update.macos64_2.0.0.202105311346/tools/bin/../lib/gcc/arm-none-eabi/9.3.1/thumb/v7e-m+fp/hard/libgcc.a
LOAD /Applications/STM32CubeIDE.app/Contents/Eclipse/plugins/com.st.stm32cube.ide.mcu.externaltools.gnu-tools-for-stm32.9-2020-q2-update.macos64_2.0.0.202105311346/tools/bin/../lib/gcc/arm-none-eabi/9.3.1/../../../../arm-none-eabi/lib/thumb/v7e-m+fp/hard/libc_nano.a
END GROUP
START GROUP
LOAD /Applications/STM32CubeIDE.app/Contents/Eclipse/plugins/com.st.stm32cube.ide.mcu.externaltools.gnu-tools-for-stm32.9-2020-q2-update.macos64_2.0.0.202105311346/tools/bin/../lib/gcc/arm-none-eabi/9.3.1/thumb/v7e-m+fp/hard/libgcc.a
LOAD /Applications/STM32CubeIDE.app/Contents/Eclipse/plugins/com.st.stm32cube.ide.mcu.externaltools.gnu-tools-for-stm32.9-2020-q2-update.macos64_2.0.0.202105311346/tools/bin/../lib/gcc/arm-none-eabi/9.3.1/../../../../arm-none-eabi/lib/thumb/v7e-m+fp/hard/libc_nano.a
LOAD /Applications/STM32CubeIDE.app/Contents/Eclipse/plugins/com.st.stm32cube.ide.mcu.externaltools.gnu-tools-for-stm32.9-2020-q2-update.macos64_2.0.0.202105311346/tools/bin/../lib/gcc/arm-none-eabi/9.3.1/../../../../arm-none-eabi/lib/thumb/v7e-m+fp/hard/libnosys.a
END GROUP
START GROUP
LOAD /Applications/STM32CubeIDE.app/Contents/Eclipse/plugins/com.st.stm32cube.ide.mcu.externaltools.gnu-tools-for-stm32.9-2020-q2-update.macos64_2.0.0.202105311346/tools/bin/../lib/gcc/arm-none-eabi/9.3.1/thumb/v7e-m+fp/hard/libgcc.a
LOAD /Applications/STM32CubeIDE.app/Contents/Eclipse/plugins/com.st.stm32cube.ide.mcu.externaltools.gnu-tools-for-stm32.9-2020-q2-update.macos64_2.0.0.202105311346/tools/bin/../lib/gcc/arm-none-eabi/9.3.1/../../../../arm-none-eabi/lib/thumb/v7e-m+fp/hard/libc_nano.a
LOAD /Applications/STM32CubeIDE.app/Contents/Eclipse/plugins/com.st.stm32cube.ide.mcu.externaltools.gnu-tools-for-stm32.9-2020-q2-update.macos64_2.0.0.202105311346/tools/bin/../lib/gcc/arm-none-eabi/9.3.1/../../../../arm-none-eabi/lib/thumb/v7e-m+fp/hard/libnosys.a
END GROUP
LOAD /Applications/STM32CubeIDE.app/Contents/Eclipse/plugins/com.st.stm32cube.ide.mcu.externaltools.gnu-tools-for-stm32.9-2020-q2-update.macos64_2.0.0.202105311346/tools/bin/../lib/gcc/arm-none-eabi/9.3.1/thumb/v7e-m+fp/hard/crtend.o
LOAD /Applications/STM32CubeIDE.app/Contents/Eclipse/plugins/com.st.stm32cube.ide.mcu.externaltools.gnu-tools-for-stm32.9-2020-q2-update.macos64_2.0.0.202105311346/tools/bin/../lib/gcc/arm-none-eabi/9.3.1/thumb/v7e-m+fp/hard/crtn.o
                0x0000000020010000                _estack = (ORIGIN (RAM) + LENGTH (RAM))
                0x0000000000000200                _Min_Heap_Size = 0x200
                0x0000000000000400                _Min_Stack_Size = 0x400

.isr_vector     0x0000000008000000      0x194
                0x0000000008000000                . = ALIGN (0x4)
 *(.isr_vector)
 .isr_vector    0x0000000008000000      0x194 ./Core/Startup/startup_stm32f401ccux.o
                0x0000000008000000                g_pfnVectors
                0x0000000008000194                . = ALIGN (0x4)

.text           0x0000000008000194     0x5e98
                0x0000000008000194                . = ALIGN (0x4)
 *(.text)
 .text          0x0000000008000194       0x40 /Applications/STM32CubeIDE.app/Contents/Eclipse/plugins/com.st.stm32cube.ide.mcu.externaltools.gnu-tools-for-stm32.9-2020-q2-update.macos64_2.0.0.202105311346/tools/bin/../lib/gcc/arm-none-eabi/9.3.1/thumb/v7e-m+fp/hard/crtbegin.o
 .text          0x00000000080001d4       0x30 /Applications/STM32CubeIDE.app/Contents/Eclipse/plugins/com.st.stm32cube.ide.mcu.externaltools.gnu-tools-for-stm32.9-2020-q2-update.macos64_2.0.0.202105311346/tools/bin/../lib/gcc/arm-none-eabi/9.3.1/thumb/v7e-m+fp/hard/libgcc.a(_aeabi_uldivmod.o)
                0x00000000080001d4                __aeabi_uldivmod
 .text          0x0000000008000204      0x2c4 /Applications/STM32CubeIDE.app/Contents/Eclipse/plugins/com.st.stm32cube.ide.mcu.externaltools.gnu-tools-for-stm32.9-2020-q2-update.macos64_2.0.0.202105311346/tools/bin/../lib/gcc/arm-none-eabi/9.3.1/thumb/v7e-m+fp/hard/libgcc.a(_udivmoddi4.o)
                0x0000000008000204                __udivmoddi4
 .text          0x00000000080004c8        0x4 /Applications/STM32CubeIDE.app/Contents/Eclipse/plugins/com.st.stm32cube.ide.mcu.externaltools.gnu-tools-for-stm32.9-2020-q2-update.macos64_2.0.0.202105311346/tools/bin/../lib/gcc/arm-none-eabi/9.3.1/thumb/v7e-m+fp/hard/libgcc.a(_dvmd_tls.o)
                0x00000000080004c8                __aeabi_ldiv0
                0x00000000080004c8                __aeabi_idiv0
 *(.text*)
 .text.main     0x00000000080004cc       0x36 ./Core/Src/main.o
                0x00000000080004cc                main
 *fill*         0x0000000008000502        0x2 
 .text.SystemClock_Config
                0x0000000008000504       0xd8 ./Core/Src/main.o
                0x0000000008000504                SystemClock_Config
 .text.MX_GPIO_Init
                0x00000000080005dc       0x6c ./Core/Src/main.o
 .text.Error_Handler
                0x0000000008000648        0xa ./Core/Src/main.o
                0x0000000008000648                Error_Handler
 *fill*         0x0000000008000652        0x2 
 .text.HAL_MspInit
                0x0000000008000654       0x50 ./Core/Src/stm32f4xx_hal_msp.o
                0x0000000008000654                HAL_MspInit
 .text.NMI_Handler
                0x00000000080006a4        0x6 ./Core/Src/stm32f4xx_it.o
                0x00000000080006a4                NMI_Handler
 .text.HardFault_Handler
                0x00000000080006aa        0x6 ./Core/Src/stm32f4xx_it.o
                0x00000000080006aa                HardFault_Handler
 .text.MemManage_Handler
                0x00000000080006b0        0x6 ./Core/Src/stm32f4xx_it.o
                0x00000000080006b0                MemManage_Handler
 .text.BusFault_Handler
                0x00000000080006b6        0x6 ./Core/Src/stm32f4xx_it.o
                0x00000000080006b6                BusFault_Handler
 .text.UsageFault_Handler
                0x00000000080006bc        0x6 ./Core/Src/stm32f4xx_it.o
                0x00000000080006bc                UsageFault_Handler
 .text.SVC_Handler
                0x00000000080006c2        0xe ./Core/Src/stm32f4xx_it.o
                0x00000000080006c2                SVC_Handler
 .text.DebugMon_Handler
                0x00000000080006d0        0xe ./Core/Src/stm32f4xx_it.o
                0x00000000080006d0                DebugMon_Handler
 .text.PendSV_Handler
                0x00000000080006de        0xe ./Core/Src/stm32f4xx_it.o
                0x00000000080006de                PendSV_Handler
 .text.SysTick_Handler
                0x00000000080006ec        0xc ./Core/Src/stm32f4xx_it.o
                0x00000000080006ec                SysTick_Handler
 .text.OTG_FS_IRQHandler
                0x00000000080006f8       0x14 ./Core/Src/stm32f4xx_it.o
                0x00000000080006f8                OTG_FS_IRQHandler
 .text.SystemInit
                0x000000000800070c       0x24 ./Core/Src/system_stm32f4xx.o
                0x000000000800070c                SystemInit
 .text.Reset_Handler
                0x0000000008000730       0x50 ./Core/Startup/startup_stm32f401ccux.o
                0x0000000008000730                Reset_Handler
 .text.Default_Handler
                0x0000000008000780        0x2 ./Core/Startup/startup_stm32f401ccux.o
                0x0000000008000780                DMA1_Stream3_IRQHandler
                0x0000000008000780                EXTI2_IRQHandler
                0x0000000008000780                SPI4_IRQHandler
                0x0000000008000780                TIM1_CC_IRQHandler
                0x0000000008000780                DMA2_Stream5_IRQHandler
                0x0000000008000780                DMA1_Stream5_IRQHandler
                0x0000000008000780                PVD_IRQHandler
                0x0000000008000780                SDIO_IRQHandler
                0x0000000008000780                TAMP_STAMP_IRQHandler
                0x0000000008000780                EXTI3_IRQHandler
                0x0000000008000780                TIM1_UP_TIM10_IRQHandler
                0x0000000008000780                I2C3_ER_IRQHandler
                0x0000000008000780                EXTI0_IRQHandler
                0x0000000008000780                I2C2_EV_IRQHandler
                0x0000000008000780                DMA1_Stream2_IRQHandler
                0x0000000008000780                FPU_IRQHandler
                0x0000000008000780                DMA2_Stream2_IRQHandler
                0x0000000008000780                SPI1_IRQHandler
                0x0000000008000780                TIM1_BRK_TIM9_IRQHandler
                0x0000000008000780                DMA2_Stream3_IRQHandler
                0x0000000008000780                USART6_IRQHandler
                0x0000000008000780                DMA2_Stream0_IRQHandler
                0x0000000008000780                TIM4_IRQHandler
                0x0000000008000780                I2C1_EV_IRQHandler
                0x0000000008000780                DMA1_Stream6_IRQHandler
                0x0000000008000780                DMA1_Stream1_IRQHandler
                0x0000000008000780                TIM3_IRQHandler
                0x0000000008000780                RCC_IRQHandler
                0x0000000008000780                Default_Handler
                0x0000000008000780                EXTI15_10_IRQHandler
                0x0000000008000780                ADC_IRQHandler
                0x0000000008000780                DMA1_Stream7_IRQHandler
                0x0000000008000780                TIM5_IRQHandler
                0x0000000008000780                DMA2_Stream7_IRQHandler
                0x0000000008000780                I2C3_EV_IRQHandler
                0x0000000008000780                EXTI9_5_IRQHandler
                0x0000000008000780                RTC_WKUP_IRQHandler
                0x0000000008000780                SPI2_IRQHandler
                0x0000000008000780                DMA1_Stream0_IRQHandler
                0x0000000008000780                EXTI4_IRQHandler
                0x0000000008000780                WWDG_IRQHandler
                0x0000000008000780                TIM2_IRQHandler
                0x0000000008000780                OTG_FS_WKUP_IRQHandler
                0x0000000008000780                TIM1_TRG_COM_TIM11_IRQHandler
                0x0000000008000780                EXTI1_IRQHandler
                0x0000000008000780                USART2_IRQHandler
                0x0000000008000780                I2C2_ER_IRQHandler
                0x0000000008000780                DMA2_Stream1_IRQHandler
                0x0000000008000780                FLASH_IRQHandler
                0x0000000008000780                DMA2_Stream4_IRQHandler
                0x0000000008000780                USART1_IRQHandler
                0x0000000008000780                SPI3_IRQHandler
                0x0000000008000780                DMA1_Stream4_IRQHandler
                0x0000000008000780                I2C1_ER_IRQHandler
                0x0000000008000780                DMA2_Stream6_IRQHandler
                0x0000000008000780                RTC_Alarm_IRQHandler
 *fill*         0x0000000008000782        0x2 
 .text.HAL_Init
                0x0000000008000784       0x44 ./Drivers/STM32F4xx_HAL_Driver/Src/stm32f4xx_hal.o
                0x0000000008000784                HAL_Init
 .text.HAL_InitTick
                0x00000000080007c8       0x60 ./Drivers/STM32F4xx_HAL_Driver/Src/stm32f4xx_hal.o
                0x00000000080007c8                HAL_InitTick
 .text.HAL_IncTick
                0x0000000008000828       0x28 ./Drivers/STM32F4xx_HAL_Driver/Src/stm32f4xx_hal.o
                0x0000000008000828                HAL_IncTick
 .text.HAL_GetTick
                0x0000000008000850       0x18 ./Drivers/STM32F4xx_HAL_Driver/Src/stm32f4xx_hal.o
                0x0000000008000850                HAL_GetTick
 .text.HAL_Delay
                0x0000000008000868       0x48 ./Drivers/STM32F4xx_HAL_Driver/Src/stm32f4xx_hal.o
                0x0000000008000868                HAL_Delay
 .text.__NVIC_SetPriorityGrouping
                0x00000000080008b0       0x48 ./Drivers/STM32F4xx_HAL_Driver/Src/stm32f4xx_hal_cortex.o
 .text.__NVIC_GetPriorityGrouping
                0x00000000080008f8       0x1c ./Drivers/STM32F4xx_HAL_Driver/Src/stm32f4xx_hal_cortex.o
 .text.__NVIC_EnableIRQ
                0x0000000008000914       0x3c ./Drivers/STM32F4xx_HAL_Driver/Src/stm32f4xx_hal_cortex.o
 .text.__NVIC_SetPriority
                0x0000000008000950       0x54 ./Drivers/STM32F4xx_HAL_Driver/Src/stm32f4xx_hal_cortex.o
 .text.NVIC_EncodePriority
                0x00000000080009a4       0x66 ./Drivers/STM32F4xx_HAL_Driver/Src/stm32f4xx_hal_cortex.o
 *fill*         0x0000000008000a0a        0x2 
 .text.SysTick_Config
                0x0000000008000a0c       0x44 ./Drivers/STM32F4xx_HAL_Driver/Src/stm32f4xx_hal_cortex.o
 .text.HAL_NVIC_SetPriorityGrouping
                0x0000000008000a50       0x16 ./Drivers/STM32F4xx_HAL_Driver/Src/stm32f4xx_hal_cortex.o
                0x0000000008000a50                HAL_NVIC_SetPriorityGrouping
 .text.HAL_NVIC_SetPriority
                0x0000000008000a66       0x38 ./Drivers/STM32F4xx_HAL_Driver/Src/stm32f4xx_hal_cortex.o
                0x0000000008000a66                HAL_NVIC_SetPriority
 .text.HAL_NVIC_EnableIRQ
                0x0000000008000a9e       0x1c ./Drivers/STM32F4xx_HAL_Driver/Src/stm32f4xx_hal_cortex.o
                0x0000000008000a9e                HAL_NVIC_EnableIRQ
 .text.HAL_SYSTICK_Config
                0x0000000008000aba       0x18 ./Drivers/STM32F4xx_HAL_Driver/Src/stm32f4xx_hal_cortex.o
                0x0000000008000aba                HAL_SYSTICK_Config
 *fill*         0x0000000008000ad2        0x2 
 .text.HAL_GPIO_Init
                0x0000000008000ad4      0x308 ./Drivers/STM32F4xx_HAL_Driver/Src/stm32f4xx_hal_gpio.o
                0x0000000008000ad4                HAL_GPIO_Init
 .text.HAL_PCD_Init
                0x0000000008000ddc      0x23a ./Drivers/STM32F4xx_HAL_Driver/Src/stm32f4xx_hal_pcd.o
                0x0000000008000ddc                HAL_PCD_Init
 .text.HAL_PCD_Start
                0x0000000008001016       0x66 ./Drivers/STM32F4xx_HAL_Driver/Src/stm32f4xx_hal_pcd.o
                0x0000000008001016                HAL_PCD_Start
 .text.HAL_PCD_IRQHandler
                0x000000000800107c      0x764 ./Drivers/STM32F4xx_HAL_Driver/Src/stm32f4xx_hal_pcd.o
                0x000000000800107c                HAL_PCD_IRQHandler
 .text.HAL_PCD_SetAddress
                0x00000000080017e0       0x4a ./Drivers/STM32F4xx_HAL_Driver/Src/stm32f4xx_hal_pcd.o
                0x00000000080017e0                HAL_PCD_SetAddress
 .text.HAL_PCD_EP_Open
                0x000000000800182a       0xd0 ./Drivers/STM32F4xx_HAL_Driver/Src/stm32f4xx_hal_pcd.o
                0x000000000800182a                HAL_PCD_EP_Open
 .text.HAL_PCD_EP_Close
                0x00000000080018fa       0x94 ./Drivers/STM32F4xx_HAL_Driver/Src/stm32f4xx_hal_pcd.o
                0x00000000080018fa                HAL_PCD_EP_Close
 .text.HAL_PCD_EP_Receive
                0x000000000800198e       0x96 ./Drivers/STM32F4xx_HAL_Driver/Src/stm32f4xx_hal_pcd.o
                0x000000000800198e                HAL_PCD_EP_Receive
 .text.HAL_PCD_EP_GetRxCount
                0x0000000008001a24       0x30 ./Drivers/STM32F4xx_HAL_Driver/Src/stm32f4xx_hal_pcd.o
                0x0000000008001a24                HAL_PCD_EP_GetRxCount
 .text.HAL_PCD_EP_Transmit
                0x0000000008001a54       0x94 ./Drivers/STM32F4xx_HAL_Driver/Src/stm32f4xx_hal_pcd.o
                0x0000000008001a54                HAL_PCD_EP_Transmit
 .text.HAL_PCD_EP_SetStall
                0x0000000008001ae8       0xc8 ./Drivers/STM32F4xx_HAL_Driver/Src/stm32f4xx_hal_pcd.o
                0x0000000008001ae8                HAL_PCD_EP_SetStall
 .text.HAL_PCD_EP_ClrStall
                0x0000000008001bb0       0xac ./Drivers/STM32F4xx_HAL_Driver/Src/stm32f4xx_hal_pcd.o
                0x0000000008001bb0                HAL_PCD_EP_ClrStall
 .text.PCD_WriteEmptyTxFifo
                0x0000000008001c5c      0x11a ./Drivers/STM32F4xx_HAL_Driver/Src/stm32f4xx_hal_pcd.o
 *fill*         0x0000000008001d76        0x2 
 .text.PCD_EP_OutXfrComplete_int
                0x0000000008001d78      0x218 ./Drivers/STM32F4xx_HAL_Driver/Src/stm32f4xx_hal_pcd.o
 .text.PCD_EP_OutSetupPacket_int
                0x0000000008001f90       0x8c ./Drivers/STM32F4xx_HAL_Driver/Src/stm32f4xx_hal_pcd.o
 .text.HAL_PCDEx_SetTxFiFo
                0x000000000800201c       0x8e ./Drivers/STM32F4xx_HAL_Driver/Src/stm32f4xx_hal_pcd_ex.o
                0x000000000800201c                HAL_PCDEx_SetTxFiFo
 .text.HAL_PCDEx_SetRxFiFo
                0x00000000080020aa       0x22 ./Drivers/STM32F4xx_HAL_Driver/Src/stm32f4xx_hal_pcd_ex.o
                0x00000000080020aa                HAL_PCDEx_SetRxFiFo
 .text.HAL_PCDEx_LPM_Callback
                0x00000000080020cc       0x18 ./Drivers/STM32F4xx_HAL_Driver/Src/stm32f4xx_hal_pcd_ex.o
                0x00000000080020cc                HAL_PCDEx_LPM_Callback
 .text.HAL_RCC_OscConfig
                0x00000000080020e4      0x4f0 ./Drivers/STM32F4xx_HAL_Driver/Src/stm32f4xx_hal_rcc.o
                0x00000000080020e4                HAL_RCC_OscConfig
 .text.HAL_RCC_ClockConfig
                0x00000000080025d4      0x1cc ./Drivers/STM32F4xx_HAL_Driver/Src/stm32f4xx_hal_rcc.o
                0x00000000080025d4                HAL_RCC_ClockConfig
 .text.HAL_RCC_GetSysClockFreq
                0x00000000080027a0      0x16c ./Drivers/STM32F4xx_HAL_Driver/Src/stm32f4xx_hal_rcc.o
                0x00000000080027a0                HAL_RCC_GetSysClockFreq
 .text.HAL_RCC_GetHCLKFreq
                0x000000000800290c       0x18 ./Drivers/STM32F4xx_HAL_Driver/Src/stm32f4xx_hal_rcc.o
                0x000000000800290c                HAL_RCC_GetHCLKFreq
 .text.USB_CoreInit
                0x0000000008002924       0xc2 ./Drivers/STM32F4xx_HAL_Driver/Src/stm32f4xx_ll_usb.o
                0x0000000008002924                USB_CoreInit
 *fill*         0x00000000080029e6        0x2 
 .text.USB_SetTurnaroundTime
                0x00000000080029e8      0x144 ./Drivers/STM32F4xx_HAL_Driver/Src/stm32f4xx_ll_usb.o
                0x00000000080029e8                USB_SetTurnaroundTime
 .text.USB_EnableGlobalInt
                0x0000000008002b2c       0x22 ./Drivers/STM32F4xx_HAL_Driver/Src/stm32f4xx_ll_usb.o
                0x0000000008002b2c                USB_EnableGlobalInt
 .text.USB_DisableGlobalInt
                0x0000000008002b4e       0x22 ./Drivers/STM32F4xx_HAL_Driver/Src/stm32f4xx_ll_usb.o
                0x0000000008002b4e                USB_DisableGlobalInt
 .text.USB_SetCurrentMode
                0x0000000008002b70       0x98 ./Drivers/STM32F4xx_HAL_Driver/Src/stm32f4xx_ll_usb.o
                0x0000000008002b70                USB_SetCurrentMode
 .text.USB_DevInit
                0x0000000008002c08      0x2c8 ./Drivers/STM32F4xx_HAL_Driver/Src/stm32f4xx_ll_usb.o
                0x0000000008002c08                USB_DevInit
 .text.USB_FlushTxFifo
                0x0000000008002ed0       0x48 ./Drivers/STM32F4xx_HAL_Driver/Src/stm32f4xx_ll_usb.o
                0x0000000008002ed0                USB_FlushTxFifo
 .text.USB_FlushRxFifo
                0x0000000008002f18       0x40 ./Drivers/STM32F4xx_HAL_Driver/Src/stm32f4xx_ll_usb.o
                0x0000000008002f18                USB_FlushRxFifo
 .text.USB_SetDevSpeed
                0x0000000008002f58       0x32 ./Drivers/STM32F4xx_HAL_Driver/Src/stm32f4xx_ll_usb.o
                0x0000000008002f58                USB_SetDevSpeed
 .text.USB_GetDevSpeed
                0x0000000008002f8a       0x4a ./Drivers/STM32F4xx_HAL_Driver/Src/stm32f4xx_ll_usb.o
                0x0000000008002f8a                USB_GetDevSpeed
 .text.USB_ActivateEndpoint
                0x0000000008002fd4      0x10e ./Drivers/STM32F4xx_HAL_Driver/Src/stm32f4xx_ll_usb.o
                0x0000000008002fd4                USB_ActivateEndpoint
 *fill*         0x00000000080030e2        0x2 
 .text.USB_DeactivateEndpoint
                0x00000000080030e4      0x1b8 ./Drivers/STM32F4xx_HAL_Driver/Src/stm32f4xx_ll_usb.o
                0x00000000080030e4                USB_DeactivateEndpoint
 .text.USB_EPStartXfer
                0x000000000800329c      0x488 ./Drivers/STM32F4xx_HAL_Driver/Src/stm32f4xx_ll_usb.o
                0x000000000800329c                USB_EPStartXfer
 .text.USB_EP0StartXfer
                0x0000000008003724      0x2a6 ./Drivers/STM32F4xx_HAL_Driver/Src/stm32f4xx_ll_usb.o
                0x0000000008003724                USB_EP0StartXfer
 .text.USB_WritePacket
                0x00000000080039ca       0x7c ./Drivers/STM32F4xx_HAL_Driver/Src/stm32f4xx_ll_usb.o
                0x00000000080039ca                USB_WritePacket
 .text.USB_ReadPacket
                0x0000000008003a46       0xb0 ./Drivers/STM32F4xx_HAL_Driver/Src/stm32f4xx_ll_usb.o
                0x0000000008003a46                USB_ReadPacket
 .text.USB_EPSetStall
                0x0000000008003af6       0xdc ./Drivers/STM32F4xx_HAL_Driver/Src/stm32f4xx_ll_usb.o
                0x0000000008003af6                USB_EPSetStall
 .text.USB_EPClearStall
                0x0000000008003bd2       0xcc ./Drivers/STM32F4xx_HAL_Driver/Src/stm32f4xx_ll_usb.o
                0x0000000008003bd2                USB_EPClearStall
 .text.USB_SetDevAddress
                0x0000000008003c9e       0x4c ./Drivers/STM32F4xx_HAL_Driver/Src/stm32f4xx_ll_usb.o
                0x0000000008003c9e                USB_SetDevAddress
 .text.USB_DevConnect
                0x0000000008003cea       0x42 ./Drivers/STM32F4xx_HAL_Driver/Src/stm32f4xx_ll_usb.o
                0x0000000008003cea                USB_DevConnect
 .text.USB_DevDisconnect
                0x0000000008003d2c       0x42 ./Drivers/STM32F4xx_HAL_Driver/Src/stm32f4xx_ll_usb.o
                0x0000000008003d2c                USB_DevDisconnect
 .text.USB_ReadInterrupts
                0x0000000008003d6e       0x26 ./Drivers/STM32F4xx_HAL_Driver/Src/stm32f4xx_ll_usb.o
                0x0000000008003d6e                USB_ReadInterrupts
 .text.USB_ReadDevAllOutEpInterrupt
                0x0000000008003d94       0x34 ./Drivers/STM32F4xx_HAL_Driver/Src/stm32f4xx_ll_usb.o
                0x0000000008003d94                USB_ReadDevAllOutEpInterrupt
 .text.USB_ReadDevAllInEpInterrupt
                0x0000000008003dc8       0x34 ./Drivers/STM32F4xx_HAL_Driver/Src/stm32f4xx_ll_usb.o
                0x0000000008003dc8                USB_ReadDevAllInEpInterrupt
 .text.USB_ReadDevOutEPInterrupt
                0x0000000008003dfc       0x3c ./Drivers/STM32F4xx_HAL_Driver/Src/stm32f4xx_ll_usb.o
                0x0000000008003dfc                USB_ReadDevOutEPInterrupt
 .text.USB_ReadDevInEPInterrupt
                0x0000000008003e38       0x5c ./Drivers/STM32F4xx_HAL_Driver/Src/stm32f4xx_ll_usb.o
                0x0000000008003e38                USB_ReadDevInEPInterrupt
 .text.USB_GetMode
                0x0000000008003e94       0x1c ./Drivers/STM32F4xx_HAL_Driver/Src/stm32f4xx_ll_usb.o
                0x0000000008003e94                USB_GetMode
 .text.USB_ActivateSetup
                0x0000000008003eb0       0x46 ./Drivers/STM32F4xx_HAL_Driver/Src/stm32f4xx_ll_usb.o
                0x0000000008003eb0                USB_ActivateSetup
 *fill*         0x0000000008003ef6        0x2 
 .text.USB_EP0_OutStart
                0x0000000008003ef8       0xbc ./Drivers/STM32F4xx_HAL_Driver/Src/stm32f4xx_ll_usb.o
                0x0000000008003ef8                USB_EP0_OutStart
 .text.USB_CoreReset
                0x0000000008003fb4       0x64 ./Drivers/STM32F4xx_HAL_Driver/Src/stm32f4xx_ll_usb.o
 .text.USBD_MIDI_Init
                0x0000000008004018       0x74 ./Middlewares/ST/STM32_USB_Device_Library/Class/MIDI/Src/usbd_midi.o
 .text.USBD_MIDI_DeInit
                0x000000000800408c       0x52 ./Middlewares/ST/STM32_USB_Device_Library/Class/MIDI/Src/usbd_midi.o
 .text.USBD_MIDI_Setup
                0x00000000080040de       0x18 ./Middlewares/ST/STM32_USB_Device_Library/Class/MIDI/Src/usbd_midi.o
 *fill*         0x00000000080040f6        0x2 
 .text.USBD_MIDI_GetCfgDesc
                0x00000000080040f8       0x20 ./Middlewares/ST/STM32_USB_Device_Library/Class/MIDI/Src/usbd_midi.o
 .text.USBD_MIDI_DataIn
                0x0000000008004118       0x2a ./Middlewares/ST/STM32_USB_Device_Library/Class/MIDI/Src/usbd_midi.o
 .text.USBD_MIDI_EP0_RxReady
                0x0000000008004142       0x16 ./Middlewares/ST/STM32_USB_Device_Library/Class/MIDI/Src/usbd_midi.o
 .text.USBD_MIDI_EP0_TxReady
                0x0000000008004158       0x16 ./Middlewares/ST/STM32_USB_Device_Library/Class/MIDI/Src/usbd_midi.o
 .text.USBD_MIDI_SOF
                0x000000000800416e       0x16 ./Middlewares/ST/STM32_USB_Device_Library/Class/MIDI/Src/usbd_midi.o
 .text.USBD_MIDI_IsoINIncomplete
                0x0000000008004184       0x1a ./Middlewares/ST/STM32_USB_Device_Library/Class/MIDI/Src/usbd_midi.o
 .text.USBD_MIDI_IsoOutIncomplete
                0x000000000800419e       0x1a ./Middlewares/ST/STM32_USB_Device_Library/Class/MIDI/Src/usbd_midi.o
 .text.USBD_MIDI_DataOut
                0x00000000080041b8       0x68 ./Middlewares/ST/STM32_USB_Device_Library/Class/MIDI/Src/usbd_midi.o
 .text.USBD_MIDI_GetDeviceQualifierDesc
                0x0000000008004220       0x20 ./Middlewares/ST/STM32_USB_Device_Library/Class/MIDI/Src/usbd_midi.o
 .text.USBD_MIDI_RegisterInterface
                0x0000000008004240       0x26 ./Middlewares/ST/STM32_USB_Device_Library/Class/MIDI/Src/usbd_midi.o
                0x0000000008004240                USBD_MIDI_RegisterInterface
 .text.USBD_MIDI_SetTxBuffer
                0x0000000008004266       0x38 ./Middlewares/ST/STM32_USB_Device_Library/Class/MIDI/Src/usbd_midi.o
                0x0000000008004266                USBD_MIDI_SetTxBuffer
 .text.USBD_MIDI_TransmitPacket
                0x000000000800429e       0x50 ./Middlewares/ST/STM32_USB_Device_Library/Class/MIDI/Src/usbd_midi.o
                0x000000000800429e                USBD_MIDI_TransmitPacket
 .text.USBD_Init
                0x00000000080042ee       0x60 ./Middlewares/ST/STM32_USB_Device_Library/Core/Src/usbd_core.o
                0x00000000080042ee                USBD_Init
 .text.USBD_RegisterClass
                0x000000000800434e       0x4e ./Middlewares/ST/STM32_USB_Device_Library/Core/Src/usbd_core.o
                0x000000000800434e                USBD_RegisterClass
 .text.USBD_Start
                0x000000000800439c       0x18 ./Middlewares/ST/STM32_USB_Device_Library/Core/Src/usbd_core.o
                0x000000000800439c                USBD_Start
 .text.USBD_RunTestMode
                0x00000000080043b4       0x16 ./Middlewares/ST/STM32_USB_Device_Library/Core/Src/usbd_core.o
                0x00000000080043b4                USBD_RunTestMode
 .text.USBD_SetClassConfig
                0x00000000080043ca       0x38 ./Middlewares/ST/STM32_USB_Device_Library/Core/Src/usbd_core.o
                0x00000000080043ca                USBD_SetClassConfig
 .text.USBD_ClrClassConfig
                0x0000000008004402       0x30 ./Middlewares/ST/STM32_USB_Device_Library/Core/Src/usbd_core.o
                0x0000000008004402                USBD_ClrClassConfig
 .text.USBD_LL_SetupStage
                0x0000000008004432       0xaa ./Middlewares/ST/STM32_USB_Device_Library/Core/Src/usbd_core.o
                0x0000000008004432                USBD_LL_SetupStage
 .text.USBD_LL_DataOutStage
                0x00000000080044dc       0xc6 ./Middlewares/ST/STM32_USB_Device_Library/Core/Src/usbd_core.o
                0x00000000080044dc                USBD_LL_DataOutStage
 .text.USBD_LL_DataInStage
                0x00000000080045a2      0x12c ./Middlewares/ST/STM32_USB_Device_Library/Core/Src/usbd_core.o
                0x00000000080045a2                USBD_LL_DataInStage
 .text.USBD_LL_Reset
                0x00000000080046ce       0x9c ./Middlewares/ST/STM32_USB_Device_Library/Core/Src/usbd_core.o
                0x00000000080046ce                USBD_LL_Reset
 .text.USBD_LL_SetSpeed
                0x000000000800476a       0x20 ./Middlewares/ST/STM32_USB_Device_Library/Core/Src/usbd_core.o
                0x000000000800476a                USBD_LL_SetSpeed
 .text.USBD_LL_Suspend
                0x000000000800478a       0x2c ./Middlewares/ST/STM32_USB_Device_Library/Core/Src/usbd_core.o
                0x000000000800478a                USBD_LL_Suspend
 .text.USBD_LL_Resume
                0x00000000080047b6       0x30 ./Middlewares/ST/STM32_USB_Device_Library/Core/Src/usbd_core.o
                0x00000000080047b6                USBD_LL_Resume
 .text.USBD_LL_SOF
                0x00000000080047e6       0x44 ./Middlewares/ST/STM32_USB_Device_Library/Core/Src/usbd_core.o
                0x00000000080047e6                USBD_LL_SOF
 .text.USBD_LL_IsoINIncomplete
                0x000000000800482a       0x4c ./Middlewares/ST/STM32_USB_Device_Library/Core/Src/usbd_core.o
                0x000000000800482a                USBD_LL_IsoINIncomplete
 .text.USBD_LL_IsoOUTIncomplete
                0x0000000008004876       0x4c ./Middlewares/ST/STM32_USB_Device_Library/Core/Src/usbd_core.o
                0x0000000008004876                USBD_LL_IsoOUTIncomplete
 .text.USBD_LL_DevConnected
                0x00000000080048c2       0x16 ./Middlewares/ST/STM32_USB_Device_Library/Core/Src/usbd_core.o
                0x00000000080048c2                USBD_LL_DevConnected
 .text.USBD_LL_DevDisconnected
                0x00000000080048d8       0x38 ./Middlewares/ST/STM32_USB_Device_Library/Core/Src/usbd_core.o
                0x00000000080048d8                USBD_LL_DevDisconnected
 .text.SWAPBYTE
                0x0000000008004910       0x3c ./Middlewares/ST/STM32_USB_Device_Library/Core/Src/usbd_ctlreq.o
 .text.USBD_StdDevReq
                0x000000000800494c       0xdc ./Middlewares/ST/STM32_USB_Device_Library/Core/Src/usbd_ctlreq.o
                0x000000000800494c                USBD_StdDevReq
 .text.USBD_StdItfReq
                0x0000000008004a28       0x92 ./Middlewares/ST/STM32_USB_Device_Library/Core/Src/usbd_ctlreq.o
                0x0000000008004a28                USBD_StdItfReq
 .text.USBD_StdEPReq
                0x0000000008004aba      0x2c4 ./Middlewares/ST/STM32_USB_Device_Library/Core/Src/usbd_ctlreq.o
                0x0000000008004aba                USBD_StdEPReq
 *fill*         0x0000000008004d7e        0x2 
 .text.USBD_GetDescriptor
                0x0000000008004d80      0x2d4 ./Middlewares/ST/STM32_USB_Device_Library/Core/Src/usbd_ctlreq.o
 .text.USBD_SetAddress
                0x0000000008005054       0x88 ./Middlewares/ST/STM32_USB_Device_Library/Core/Src/usbd_ctlreq.o
 .text.USBD_SetConfig
                0x00000000080050dc      0x14c ./Middlewares/ST/STM32_USB_Device_Library/Core/Src/usbd_ctlreq.o
 .text.USBD_GetConfig
                0x0000000008005228       0x6c ./Middlewares/ST/STM32_USB_Device_Library/Core/Src/usbd_ctlreq.o
 .text.USBD_GetStatus
                0x0000000008005294       0x68 ./Middlewares/ST/STM32_USB_Device_Library/Core/Src/usbd_ctlreq.o
 .text.USBD_SetFeature
                0x00000000080052fc       0x28 ./Middlewares/ST/STM32_USB_Device_Library/Core/Src/usbd_ctlreq.o
 .text.USBD_ClrFeature
                0x0000000008005324       0x44 ./Middlewares/ST/STM32_USB_Device_Library/Core/Src/usbd_ctlreq.o
 .text.USBD_ParseSetupRequest
                0x0000000008005368       0x74 ./Middlewares/ST/STM32_USB_Device_Library/Core/Src/usbd_ctlreq.o
                0x0000000008005368                USBD_ParseSetupRequest
 .text.USBD_CtlError
                0x00000000080053dc       0x22 ./Middlewares/ST/STM32_USB_Device_Library/Core/Src/usbd_ctlreq.o
                0x00000000080053dc                USBD_CtlError
 .text.USBD_GetString
                0x00000000080053fe       0x8c ./Middlewares/ST/STM32_USB_Device_Library/Core/Src/usbd_ctlreq.o
                0x00000000080053fe                USBD_GetString
 .text.USBD_GetLen
                0x000000000800548a       0x34 ./Middlewares/ST/STM32_USB_Device_Library/Core/Src/usbd_ctlreq.o
 .text.USBD_CtlSendData
                0x00000000080054be       0x36 ./Middlewares/ST/STM32_USB_Device_Library/Core/Src/usbd_ioreq.o
                0x00000000080054be                USBD_CtlSendData
 .text.USBD_CtlContinueSendData
                0x00000000080054f4       0x22 ./Middlewares/ST/STM32_USB_Device_Library/Core/Src/usbd_ioreq.o
                0x00000000080054f4                USBD_CtlContinueSendData
 .text.USBD_CtlContinueRx
                0x0000000008005516       0x22 ./Middlewares/ST/STM32_USB_Device_Library/Core/Src/usbd_ioreq.o
                0x0000000008005516                USBD_CtlContinueRx
 .text.USBD_CtlSendStatus
                0x0000000008005538       0x26 ./Middlewares/ST/STM32_USB_Device_Library/Core/Src/usbd_ioreq.o
                0x0000000008005538                USBD_CtlSendStatus
 .text.USBD_CtlReceiveStatus
                0x000000000800555e       0x26 ./Middlewares/ST/STM32_USB_Device_Library/Core/Src/usbd_ioreq.o
                0x000000000800555e                USBD_CtlReceiveStatus
 .text.MX_USB_DEVICE_Init
                0x0000000008005584       0x60 ./USB_DEVICE/App/usb_device.o
                0x0000000008005584                MX_USB_DEVICE_Init
 .text.USBD_FS_DeviceDescriptor
                0x00000000080055e4       0x24 ./USB_DEVICE/App/usbd_desc.o
                0x00000000080055e4                USBD_FS_DeviceDescriptor
 .text.USBD_FS_LangIDStrDescriptor
                0x0000000008005608       0x24 ./USB_DEVICE/App/usbd_desc.o
                0x0000000008005608                USBD_FS_LangIDStrDescriptor
 .text.USBD_FS_ProductStrDescriptor
                0x000000000800562c       0x3c ./USB_DEVICE/App/usbd_desc.o
                0x000000000800562c                USBD_FS_ProductStrDescriptor
 .text.USBD_FS_ManufacturerStrDescriptor
                0x0000000008005668       0x28 ./USB_DEVICE/App/usbd_desc.o
                0x0000000008005668                USBD_FS_ManufacturerStrDescriptor
 .text.USBD_FS_SerialStrDescriptor
                0x0000000008005690       0x24 ./USB_DEVICE/App/usbd_desc.o
                0x0000000008005690                USBD_FS_SerialStrDescriptor
 .text.USBD_FS_ConfigStrDescriptor
                0x00000000080056b4       0x3c ./USB_DEVICE/App/usbd_desc.o
                0x00000000080056b4                USBD_FS_ConfigStrDescriptor
 .text.USBD_FS_InterfaceStrDescriptor
                0x00000000080056f0       0x3c ./USB_DEVICE/App/usbd_desc.o
                0x00000000080056f0                USBD_FS_InterfaceStrDescriptor
 .text.Get_SerialNum
                0x000000000800572c       0x58 ./USB_DEVICE/App/usbd_desc.o
 .text.IntToUnicode
                0x0000000008005784       0x7e ./USB_DEVICE/App/usbd_desc.o
 *fill*         0x0000000008005802        0x2 
 .text.__NVIC_SystemReset
                0x0000000008005804       0x2c ./USB_DEVICE/App/usbd_midi_if.o
 .text.MIDI_Init
                0x0000000008005830       0x1a ./USB_DEVICE/App/usbd_midi_if.o
 .text.MIDI_DeInit
                0x000000000800584a       0x1a ./USB_DEVICE/App/usbd_midi_if.o
 .text.MIDI_Send
                0x0000000008005864       0x38 ./USB_DEVICE/App/usbd_midi_if.o
 .text.MIDI_Receive
                0x000000000800589c       0x6a ./USB_DEVICE/App/usbd_midi_if.o
 .text.MIDI_note_on
                0x0000000008005906       0x34 ./USB_DEVICE/App/usbd_midi_if.o
                0x0000000008005906                MIDI_note_on
 .text.MIDI_note_off
                0x000000000800593a       0x34 ./USB_DEVICE/App/usbd_midi_if.o
                0x000000000800593a                MIDI_note_off
 *fill*         0x000000000800596e        0x2 
 .text.HAL_PCD_MspInit
                0x0000000008005970       0xc4 ./USB_DEVICE/Target/usbd_conf.o
                0x0000000008005970                HAL_PCD_MspInit
 .text.HAL_PCD_SetupStageCallback
                0x0000000008005a34       0x24 ./USB_DEVICE/Target/usbd_conf.o
                0x0000000008005a34                HAL_PCD_SetupStageCallback
 .text.HAL_PCD_DataOutStageCallback
                0x0000000008005a58       0x36 ./USB_DEVICE/Target/usbd_conf.o
                0x0000000008005a58                HAL_PCD_DataOutStageCallback
 .text.HAL_PCD_DataInStageCallback
                0x0000000008005a8e       0x34 ./USB_DEVICE/Target/usbd_conf.o
                0x0000000008005a8e                HAL_PCD_DataInStageCallback
 .text.HAL_PCD_SOFCallback
                0x0000000008005ac2       0x1c ./USB_DEVICE/Target/usbd_conf.o
                0x0000000008005ac2                HAL_PCD_SOFCallback
 .text.HAL_PCD_ResetCallback
                0x0000000008005ade       0x3c ./USB_DEVICE/Target/usbd_conf.o
                0x0000000008005ade                HAL_PCD_ResetCallback
 *fill*         0x0000000008005b1a        0x2 
 .text.HAL_PCD_SuspendCallback
                0x0000000008005b1c       0x4c ./USB_DEVICE/Target/usbd_conf.o
                0x0000000008005b1c                HAL_PCD_SuspendCallback
 .text.HAL_PCD_ResumeCallback
                0x0000000008005b68       0x1c ./USB_DEVICE/Target/usbd_conf.o
                0x0000000008005b68                HAL_PCD_ResumeCallback
 .text.HAL_PCD_ISOOUTIncompleteCallback
                0x0000000008005b84       0x24 ./USB_DEVICE/Target/usbd_conf.o
                0x0000000008005b84                HAL_PCD_ISOOUTIncompleteCallback
 .text.HAL_PCD_ISOINIncompleteCallback
                0x0000000008005ba8       0x24 ./USB_DEVICE/Target/usbd_conf.o
                0x0000000008005ba8                HAL_PCD_ISOINIncompleteCallback
 .text.HAL_PCD_ConnectCallback
                0x0000000008005bcc       0x1c ./USB_DEVICE/Target/usbd_conf.o
                0x0000000008005bcc                HAL_PCD_ConnectCallback
 .text.HAL_PCD_DisconnectCallback
                0x0000000008005be8       0x1c ./USB_DEVICE/Target/usbd_conf.o
                0x0000000008005be8                HAL_PCD_DisconnectCallback
 .text.USBD_LL_Init
                0x0000000008005c04       0x98 ./USB_DEVICE/Target/usbd_conf.o
                0x0000000008005c04                USBD_LL_Init
 .text.USBD_LL_Start
                0x0000000008005c9c       0x36 ./USB_DEVICE/Target/usbd_conf.o
                0x0000000008005c9c                USBD_LL_Start
 .text.USBD_LL_OpenEP
                0x0000000008005cd2       0x4c ./USB_DEVICE/Target/usbd_conf.o
                0x0000000008005cd2                USBD_LL_OpenEP
 .text.USBD_LL_CloseEP
                0x0000000008005d1e       0x3e ./USB_DEVICE/Target/usbd_conf.o
                0x0000000008005d1e                USBD_LL_CloseEP
 .text.USBD_LL_StallEP
                0x0000000008005d5c       0x3e ./USB_DEVICE/Target/usbd_conf.o
                0x0000000008005d5c                USBD_LL_StallEP
 .text.USBD_LL_ClearStallEP
                0x0000000008005d9a       0x3e ./USB_DEVICE/Target/usbd_conf.o
                0x0000000008005d9a                USBD_LL_ClearStallEP
 .text.USBD_LL_IsStallEP
                0x0000000008005dd8       0x58 ./USB_DEVICE/Target/usbd_conf.o
                0x0000000008005dd8                USBD_LL_IsStallEP
 .text.USBD_LL_SetUSBAddress
                0x0000000008005e30       0x3e ./USB_DEVICE/Target/usbd_conf.o
                0x0000000008005e30                USBD_LL_SetUSBAddress
 .text.USBD_LL_Transmit
                0x0000000008005e6e       0x42 ./USB_DEVICE/Target/usbd_conf.o
                0x0000000008005e6e                USBD_LL_Transmit
 .text.USBD_LL_PrepareReceive
                0x0000000008005eb0       0x42 ./USB_DEVICE/Target/usbd_conf.o
                0x0000000008005eb0                USBD_LL_PrepareReceive
 .text.USBD_LL_GetRxDataSize
                0x0000000008005ef2       0x26 ./USB_DEVICE/Target/usbd_conf.o
                0x0000000008005ef2                USBD_LL_GetRxDataSize
 .text.USBD_static_malloc
                0x0000000008005f18       0x1c ./USB_DEVICE/Target/usbd_conf.o
                0x0000000008005f18                USBD_static_malloc
 .text.USBD_static_free
                0x0000000008005f34       0x14 ./USB_DEVICE/Target/usbd_conf.o
                0x0000000008005f34                USBD_static_free
 .text.USBD_Get_USB_Status
                0x0000000008005f48       0x58 ./USB_DEVICE/Target/usbd_conf.o
                0x0000000008005f48                USBD_Get_USB_Status
 .text.__libc_init_array
                0x0000000008005fa0       0x48 /Applications/STM32CubeIDE.app/Contents/Eclipse/plugins/com.st.stm32cube.ide.mcu.externaltools.gnu-tools-for-stm32.9-2020-q2-update.macos64_2.0.0.202105311346/tools/bin/../lib/gcc/arm-none-eabi/9.3.1/../../../../arm-none-eabi/lib/thumb/v7e-m+fp/hard/libc_nano.a(lib_a-init.o)
                0x0000000008005fa0                __libc_init_array
 .text.memcpy   0x0000000008005fe8       0x1c /Applications/STM32CubeIDE.app/Contents/Eclipse/plugins/com.st.stm32cube.ide.mcu.externaltools.gnu-tools-for-stm32.9-2020-q2-update.macos64_2.0.0.202105311346/tools/bin/../lib/gcc/arm-none-eabi/9.3.1/../../../../arm-none-eabi/lib/thumb/v7e-m+fp/hard/libc_nano.a(lib_a-memcpy-stub.o)
                0x0000000008005fe8                memcpy
 .text.memset   0x0000000008006004       0x10 /Applications/STM32CubeIDE.app/Contents/Eclipse/plugins/com.st.stm32cube.ide.mcu.externaltools.gnu-tools-for-stm32.9-2020-q2-update.macos64_2.0.0.202105311346/tools/bin/../lib/gcc/arm-none-eabi/9.3.1/../../../../arm-none-eabi/lib/thumb/v7e-m+fp/hard/libc_nano.a(lib_a-memset.o)
                0x0000000008006004                memset
 *(.glue_7)
 .glue_7        0x0000000008006014        0x0 linker stubs
 *(.glue_7t)
 .glue_7t       0x0000000008006014        0x0 linker stubs
 *(.eh_frame)
 .eh_frame      0x0000000008006014        0x0 /Applications/STM32CubeIDE.app/Contents/Eclipse/plugins/com.st.stm32cube.ide.mcu.externaltools.gnu-tools-for-stm32.9-2020-q2-update.macos64_2.0.0.202105311346/tools/bin/../lib/gcc/arm-none-eabi/9.3.1/thumb/v7e-m+fp/hard/crtbegin.o
 *(.init)
 .init          0x0000000008006014        0x4 /Applications/STM32CubeIDE.app/Contents/Eclipse/plugins/com.st.stm32cube.ide.mcu.externaltools.gnu-tools-for-stm32.9-2020-q2-update.macos64_2.0.0.202105311346/tools/bin/../lib/gcc/arm-none-eabi/9.3.1/thumb/v7e-m+fp/hard/crti.o
                0x0000000008006014                _init
 .init          0x0000000008006018        0x8 /Applications/STM32CubeIDE.app/Contents/Eclipse/plugins/com.st.stm32cube.ide.mcu.externaltools.gnu-tools-for-stm32.9-2020-q2-update.macos64_2.0.0.202105311346/tools/bin/../lib/gcc/arm-none-eabi/9.3.1/thumb/v7e-m+fp/hard/crtn.o
 *(.fini)
 .fini          0x0000000008006020        0x4 /Applications/STM32CubeIDE.app/Contents/Eclipse/plugins/com.st.stm32cube.ide.mcu.externaltools.gnu-tools-for-stm32.9-2020-q2-update.macos64_2.0.0.202105311346/tools/bin/../lib/gcc/arm-none-eabi/9.3.1/thumb/v7e-m+fp/hard/crti.o
                0x0000000008006020                _fini
 .fini          0x0000000008006024        0x8 /Applications/STM32CubeIDE.app/Contents/Eclipse/plugins/com.st.stm32cube.ide.mcu.externaltools.gnu-tools-for-stm32.9-2020-q2-update.macos64_2.0.0.202105311346/tools/bin/../lib/gcc/arm-none-eabi/9.3.1/thumb/v7e-m+fp/hard/crtn.o
                0x000000000800602c                . = ALIGN (0x4)
                0x000000000800602c                _etext = .

.vfp11_veneer   0x000000000800602c        0x0
 .vfp11_veneer  0x000000000800602c        0x0 linker stubs

.v4_bx          0x000000000800602c        0x0
 .v4_bx         0x000000000800602c        0x0 linker stubs

.iplt           0x000000000800602c        0x0
 .iplt          0x000000000800602c        0x0 /Applications/STM32CubeIDE.app/Contents/Eclipse/plugins/com.st.stm32cube.ide.mcu.externaltools.gnu-tools-for-stm32.9-2020-q2-update.macos64_2.0.0.202105311346/tools/bin/../lib/gcc/arm-none-eabi/9.3.1/thumb/v7e-m+fp/hard/crtbegin.o

.rodata         0x000000000800602c       0x58
                0x000000000800602c                . = ALIGN (0x4)
 *(.rodata)
 .rodata        0x000000000800602c       0x48 ./USB_DEVICE/App/usbd_desc.o
 *(.rodata*)
 .rodata.AHBPrescTable
                0x0000000008006074       0x10 ./Core/Src/system_stm32f4xx.o
                0x0000000008006074                AHBPrescTable
                0x0000000008006084                . = ALIGN (0x4)

.ARM.extab      0x0000000008006084        0x0
                0x0000000008006084                . = ALIGN (0x4)
 *(.ARM.extab* .gnu.linkonce.armextab.*)
                0x0000000008006084                . = ALIGN (0x4)

.ARM            0x0000000008006084        0x8
                0x0000000008006084                . = ALIGN (0x4)
                0x0000000008006084                __exidx_start = .
 *(.ARM.exidx*)
 .ARM.exidx     0x0000000008006084        0x8 /Applications/STM32CubeIDE.app/Contents/Eclipse/plugins/com.st.stm32cube.ide.mcu.externaltools.gnu-tools-for-stm32.9-2020-q2-update.macos64_2.0.0.202105311346/tools/bin/../lib/gcc/arm-none-eabi/9.3.1/thumb/v7e-m+fp/hard/libgcc.a(_udivmoddi4.o)
                0x000000000800608c                __exidx_end = .
                0x000000000800608c                . = ALIGN (0x4)

.rel.dyn        0x000000000800608c        0x0
 .rel.iplt      0x000000000800608c        0x0 /Applications/STM32CubeIDE.app/Contents/Eclipse/plugins/com.st.stm32cube.ide.mcu.externaltools.gnu-tools-for-stm32.9-2020-q2-update.macos64_2.0.0.202105311346/tools/bin/../lib/gcc/arm-none-eabi/9.3.1/thumb/v7e-m+fp/hard/crtbegin.o

.preinit_array  0x000000000800608c        0x0
                0x000000000800608c                . = ALIGN (0x4)
                0x000000000800608c                PROVIDE (__preinit_array_start = .)
 *(.preinit_array*)
                0x000000000800608c                PROVIDE (__preinit_array_end = .)
                0x000000000800608c                . = ALIGN (0x4)

.init_array     0x000000000800608c        0x4
                0x000000000800608c                . = ALIGN (0x4)
                0x000000000800608c                PROVIDE (__init_array_start = .)
 *(SORT_BY_NAME(.init_array.*))
 *(.init_array*)
 .init_array    0x000000000800608c        0x4 /Applications/STM32CubeIDE.app/Contents/Eclipse/plugins/com.st.stm32cube.ide.mcu.externaltools.gnu-tools-for-stm32.9-2020-q2-update.macos64_2.0.0.202105311346/tools/bin/../lib/gcc/arm-none-eabi/9.3.1/thumb/v7e-m+fp/hard/crtbegin.o
                0x0000000008006090                PROVIDE (__init_array_end = .)
                0x0000000008006090                . = ALIGN (0x4)

.fini_array     0x0000000008006090        0x4
                0x0000000008006090                . = ALIGN (0x4)
                [!provide]                        PROVIDE (__fini_array_start = .)
 *(SORT_BY_NAME(.fini_array.*))
 *(.fini_array*)
 .fini_array    0x0000000008006090        0x4 /Applications/STM32CubeIDE.app/Contents/Eclipse/plugins/com.st.stm32cube.ide.mcu.externaltools.gnu-tools-for-stm32.9-2020-q2-update.macos64_2.0.0.202105311346/tools/bin/../lib/gcc/arm-none-eabi/9.3.1/thumb/v7e-m+fp/hard/crtbegin.o
                [!provide]                        PROVIDE (__fini_array_end = .)
                0x0000000008006094                . = ALIGN (0x4)
                0x0000000008006094                _sidata = LOADADDR (.data)

.data           0x0000000020000000      0x138 load address 0x0000000008006094
                0x0000000020000000                . = ALIGN (0x4)
                0x0000000020000000                _sdata = .
 *(.data)
 *(.data*)
 .data.SystemCoreClock
                0x0000000020000000        0x4 ./Core/Src/system_stm32f4xx.o
                0x0000000020000000                SystemCoreClock
 .data.uwTickPrio
                0x0000000020000004        0x4 ./Drivers/STM32F4xx_HAL_Driver/Src/stm32f4xx_hal.o
                0x0000000020000004                uwTickPrio
 .data.uwTickFreq
                0x0000000020000008        0x1 ./Drivers/STM32F4xx_HAL_Driver/Src/stm32f4xx_hal.o
                0x0000000020000008                uwTickFreq
 *fill*         0x0000000020000009        0x3 
 .data.USBD_MIDI
                0x000000002000000c       0x38 ./Middlewares/ST/STM32_USB_Device_Library/Class/MIDI/Src/usbd_midi.o
                0x000000002000000c                USBD_MIDI
 .data.USBD_MIDI_CfgDesc
                0x0000000020000044       0x85 ./Middlewares/ST/STM32_USB_Device_Library/Class/MIDI/Src/usbd_midi.o
 *fill*         0x00000000200000c9        0x3 
 .data.USBD_MIDI_DeviceQualifierDesc
                0x00000000200000cc        0xa ./Middlewares/ST/STM32_USB_Device_Library/Class/MIDI/Src/usbd_midi.o
 *fill*         0x00000000200000d6        0x2 
 .data.FS_Desc  0x00000000200000d8       0x1c ./USB_DEVICE/App/usbd_desc.o
                0x00000000200000d8                FS_Desc
 .data.USBD_FS_DeviceDesc
                0x00000000200000f4       0x12 ./USB_DEVICE/App/usbd_desc.o
                0x00000000200000f4                USBD_FS_DeviceDesc
 *fill*         0x0000000020000106        0x2 
 .data.USBD_LangIDDesc
                0x0000000020000108        0x4 ./USB_DEVICE/App/usbd_desc.o
                0x0000000020000108                USBD_LangIDDesc
 .data.USBD_StringSerial
                0x000000002000010c       0x1a ./USB_DEVICE/App/usbd_desc.o
                0x000000002000010c                USBD_StringSerial
 *fill*         0x0000000020000126        0x2 
 .data.USBD_MIDI_fops
                0x0000000020000128       0x10 ./USB_DEVICE/App/usbd_midi_if.o
                0x0000000020000128                USBD_MIDI_fops
 *(.RamFunc)
 *(.RamFunc*)
                0x0000000020000138                . = ALIGN (0x4)
                0x0000000020000138                _edata = .

.igot.plt       0x0000000020000138        0x0 load address 0x00000000080061cc
 .igot.plt      0x0000000020000138        0x0 /Applications/STM32CubeIDE.app/Contents/Eclipse/plugins/com.st.stm32cube.ide.mcu.externaltools.gnu-tools-for-stm32.9-2020-q2-update.macos64_2.0.0.202105311346/tools/bin/../lib/gcc/arm-none-eabi/9.3.1/thumb/v7e-m+fp/hard/crtbegin.o
                0x0000000020000138                . = ALIGN (0x4)

.bss            0x0000000020000138     0x24d0 load address 0x00000000080061cc
                0x0000000020000138                _sbss = .
                0x0000000020000138                __bss_start__ = _sbss
 *(.bss)
 .bss           0x0000000020000138       0x1c /Applications/STM32CubeIDE.app/Contents/Eclipse/plugins/com.st.stm32cube.ide.mcu.externaltools.gnu-tools-for-stm32.9-2020-q2-update.macos64_2.0.0.202105311346/tools/bin/../lib/gcc/arm-none-eabi/9.3.1/thumb/v7e-m+fp/hard/crtbegin.o
 *(.bss*)
 .bss.cfgidx.9746
                0x0000000020000154        0x1 ./Middlewares/ST/STM32_USB_Device_Library/Core/Src/usbd_ctlreq.o
 *fill*         0x0000000020000155        0x3 
 .bss.mem.9821  0x0000000020000158     0x1bd4 ./USB_DEVICE/Target/usbd_conf.o
 *(COMMON)
 COMMON         0x0000000020001d2c        0x4 ./Drivers/STM32F4xx_HAL_Driver/Src/stm32f4xx_hal.o
                0x0000000020001d2c                uwTick
 COMMON         0x0000000020001d30      0x2d0 ./USB_DEVICE/App/usb_device.o
                0x0000000020001d30                hUsbDeviceFS
 COMMON         0x0000000020002000      0x200 ./USB_DEVICE/App/usbd_desc.o
                0x0000000020002000                USBD_StrDesc
 COMMON         0x0000000020002200      0x408 ./USB_DEVICE/Target/usbd_conf.o
                0x0000000020002200                hpcd_USB_OTG_FS
                0x0000000020002608                . = ALIGN (0x4)
                0x0000000020002608                _ebss = .
                0x0000000020002608                __bss_end__ = _ebss

._user_heap_stack
                0x0000000020002608      0x600 load address 0x00000000080061cc
                0x0000000020002608                . = ALIGN (0x8)
                [!provide]                        PROVIDE (end = .)
                0x0000000020002608                PROVIDE (_end = .)
                0x0000000020002808                . = (. + _Min_Heap_Size)
 *fill*         0x0000000020002608      0x200 
                0x0000000020002c08                . = (. + _Min_Stack_Size)
 *fill*         0x0000000020002808      0x400 
                0x0000000020002c08                . = ALIGN (0x8)

/DISCARD/
 libc.a(*)
 libm.a(*)
 libgcc.a(*)

.ARM.attributes
                0x0000000000000000       0x30
 *(.ARM.attributes)
 .ARM.attributes
                0x0000000000000000       0x1e /Applications/STM32CubeIDE.app/Contents/Eclipse/plugins/com.st.stm32cube.ide.mcu.externaltools.gnu-tools-for-stm32.9-2020-q2-update.macos64_2.0.0.202105311346/tools/bin/../lib/gcc/arm-none-eabi/9.3.1/thumb/v7e-m+fp/hard/crti.o
 .ARM.attributes
                0x000000000000001e       0x34 /Applications/STM32CubeIDE.app/Contents/Eclipse/plugins/com.st.stm32cube.ide.mcu.externaltools.gnu-tools-for-stm32.9-2020-q2-update.macos64_2.0.0.202105311346/tools/bin/../lib/gcc/arm-none-eabi/9.3.1/thumb/v7e-m+fp/hard/crtbegin.o
 .ARM.attributes
                0x0000000000000052       0x34 ./Core/Src/main.o
 .ARM.attributes
                0x0000000000000086       0x34 ./Core/Src/stm32f4xx_hal_msp.o
 .ARM.attributes
                0x00000000000000ba       0x34 ./Core/Src/stm32f4xx_it.o
 .ARM.attributes
                0x00000000000000ee       0x34 ./Core/Src/system_stm32f4xx.o
 .ARM.attributes
                0x0000000000000122       0x21 ./Core/Startup/startup_stm32f401ccux.o
 .ARM.attributes
                0x0000000000000143       0x34 ./Drivers/STM32F4xx_HAL_Driver/Src/stm32f4xx_hal.o
 .ARM.attributes
                0x0000000000000177       0x34 ./Drivers/STM32F4xx_HAL_Driver/Src/stm32f4xx_hal_cortex.o
 .ARM.attributes
                0x00000000000001ab       0x34 ./Drivers/STM32F4xx_HAL_Driver/Src/stm32f4xx_hal_gpio.o
 .ARM.attributes
                0x00000000000001df       0x34 ./Drivers/STM32F4xx_HAL_Driver/Src/stm32f4xx_hal_pcd.o
 .ARM.attributes
                0x0000000000000213       0x34 ./Drivers/STM32F4xx_HAL_Driver/Src/stm32f4xx_hal_pcd_ex.o
 .ARM.attributes
                0x0000000000000247       0x34 ./Drivers/STM32F4xx_HAL_Driver/Src/stm32f4xx_hal_rcc.o
 .ARM.attributes
                0x000000000000027b       0x34 ./Drivers/STM32F4xx_HAL_Driver/Src/stm32f4xx_ll_usb.o
 .ARM.attributes
                0x00000000000002af       0x34 ./Middlewares/ST/STM32_USB_Device_Library/Class/MIDI/Src/usbd_midi.o
 .ARM.attributes
                0x00000000000002e3       0x34 ./Middlewares/ST/STM32_USB_Device_Library/Core/Src/usbd_core.o
 .ARM.attributes
                0x0000000000000317       0x34 ./Middlewares/ST/STM32_USB_Device_Library/Core/Src/usbd_ctlreq.o
 .ARM.attributes
                0x000000000000034b       0x34 ./Middlewares/ST/STM32_USB_Device_Library/Core/Src/usbd_ioreq.o
 .ARM.attributes
                0x000000000000037f       0x34 ./USB_DEVICE/App/usb_device.o
 .ARM.attributes
                0x00000000000003b3       0x34 ./USB_DEVICE/App/usbd_desc.o
 .ARM.attributes
                0x00000000000003e7       0x34 ./USB_DEVICE/App/usbd_midi_if.o
 .ARM.attributes
                0x000000000000041b       0x34 ./USB_DEVICE/Target/usbd_conf.o
 .ARM.attributes
                0x000000000000044f       0x34 /Applications/STM32CubeIDE.app/Contents/Eclipse/plugins/com.st.stm32cube.ide.mcu.externaltools.gnu-tools-for-stm32.9-2020-q2-update.macos64_2.0.0.202105311346/tools/bin/../lib/gcc/arm-none-eabi/9.3.1/../../../../arm-none-eabi/lib/thumb/v7e-m+fp/hard/libc_nano.a(lib_a-init.o)
 .ARM.attributes
                0x0000000000000483       0x34 /Applications/STM32CubeIDE.app/Contents/Eclipse/plugins/com.st.stm32cube.ide.mcu.externaltools.gnu-tools-for-stm32.9-2020-q2-update.macos64_2.0.0.202105311346/tools/bin/../lib/gcc/arm-none-eabi/9.3.1/../../../../arm-none-eabi/lib/thumb/v7e-m+fp/hard/libc_nano.a(lib_a-memcpy-stub.o)
 .ARM.attributes
                0x00000000000004b7       0x34 /Applications/STM32CubeIDE.app/Contents/Eclipse/plugins/com.st.stm32cube.ide.mcu.externaltools.gnu-tools-for-stm32.9-2020-q2-update.macos64_2.0.0.202105311346/tools/bin/../lib/gcc/arm-none-eabi/9.3.1/../../../../arm-none-eabi/lib/thumb/v7e-m+fp/hard/libc_nano.a(lib_a-memset.o)
 .ARM.attributes
                0x00000000000004eb       0x1e /Applications/STM32CubeIDE.app/Contents/Eclipse/plugins/com.st.stm32cube.ide.mcu.externaltools.gnu-tools-for-stm32.9-2020-q2-update.macos64_2.0.0.202105311346/tools/bin/../lib/gcc/arm-none-eabi/9.3.1/thumb/v7e-m+fp/hard/libgcc.a(_aeabi_uldivmod.o)
 .ARM.attributes
                0x0000000000000509       0x34 /Applications/STM32CubeIDE.app/Contents/Eclipse/plugins/com.st.stm32cube.ide.mcu.externaltools.gnu-tools-for-stm32.9-2020-q2-update.macos64_2.0.0.202105311346/tools/bin/../lib/gcc/arm-none-eabi/9.3.1/thumb/v7e-m+fp/hard/libgcc.a(_udivmoddi4.o)
 .ARM.attributes
                0x000000000000053d       0x1e /Applications/STM32CubeIDE.app/Contents/Eclipse/plugins/com.st.stm32cube.ide.mcu.externaltools.gnu-tools-for-stm32.9-2020-q2-update.macos64_2.0.0.202105311346/tools/bin/../lib/gcc/arm-none-eabi/9.3.1/thumb/v7e-m+fp/hard/libgcc.a(_dvmd_tls.o)
 .ARM.attributes
                0x000000000000055b       0x1e /Applications/STM32CubeIDE.app/Contents/Eclipse/plugins/com.st.stm32cube.ide.mcu.externaltools.gnu-tools-for-stm32.9-2020-q2-update.macos64_2.0.0.202105311346/tools/bin/../lib/gcc/arm-none-eabi/9.3.1/thumb/v7e-m+fp/hard/crtn.o
OUTPUT(MidiNotes.elf elf32-littlearm)
LOAD linker stubs
LOAD /Applications/STM32CubeIDE.app/Contents/Eclipse/plugins/com.st.stm32cube.ide.mcu.externaltools.gnu-tools-for-stm32.9-2020-q2-update.macos64_2.0.0.202105311346/tools/bin/../lib/gcc/arm-none-eabi/9.3.1/../../../../arm-none-eabi/lib/thumb/v7e-m+fp/hard/libc.a
LOAD /Applications/STM32CubeIDE.app/Contents/Eclipse/plugins/com.st.stm32cube.ide.mcu.externaltools.gnu-tools-for-stm32.9-2020-q2-update.macos64_2.0.0.202105311346/tools/bin/../lib/gcc/arm-none-eabi/9.3.1/../../../../arm-none-eabi/lib/thumb/v7e-m+fp/hard/libm.a
LOAD /Applications/STM32CubeIDE.app/Contents/Eclipse/plugins/com.st.stm32cube.ide.mcu.externaltools.gnu-tools-for-stm32.9-2020-q2-update.macos64_2.0.0.202105311346/tools/bin/../lib/gcc/arm-none-eabi/9.3.1/thumb/v7e-m+fp/hard/libgcc.a

.debug_info     0x0000000000000000    0x1239b
 .debug_info    0x0000000000000000     0x140e ./Core/Src/main.o
 .debug_info    0x000000000000140e      0x3c0 ./Core/Src/stm32f4xx_hal_msp.o
 .debug_info    0x00000000000017ce      0x6db ./Core/Src/stm32f4xx_it.o
 .debug_info    0x0000000000001ea9      0x5d0 ./Core/Src/system_stm32f4xx.o
 .debug_info    0x0000000000002479       0x22 ./Core/Startup/startup_stm32f401ccux.o
 .debug_info    0x000000000000249b      0x93d ./Drivers/STM32F4xx_HAL_Driver/Src/stm32f4xx_hal.o
 .debug_info    0x0000000000002dd8      0xe41 ./Drivers/STM32F4xx_HAL_Driver/Src/stm32f4xx_hal_cortex.o
 .debug_info    0x0000000000003c19      0x862 ./Drivers/STM32F4xx_HAL_Driver/Src/stm32f4xx_hal_gpio.o
 .debug_info    0x000000000000447b     0x12d5 ./Drivers/STM32F4xx_HAL_Driver/Src/stm32f4xx_hal_pcd.o
 .debug_info    0x0000000000005750      0x7c3 ./Drivers/STM32F4xx_HAL_Driver/Src/stm32f4xx_hal_pcd_ex.o
 .debug_info    0x0000000000005f13      0x9bd ./Drivers/STM32F4xx_HAL_Driver/Src/stm32f4xx_hal_rcc.o
 .debug_info    0x00000000000068d0     0x1ab4 ./Drivers/STM32F4xx_HAL_Driver/Src/stm32f4xx_ll_usb.o
 .debug_info    0x0000000000008384     0x14a3 ./Middlewares/ST/STM32_USB_Device_Library/Class/MIDI/Src/usbd_midi.o
 .debug_info    0x0000000000009827     0x13a7 ./Middlewares/ST/STM32_USB_Device_Library/Core/Src/usbd_core.o
 .debug_info    0x000000000000abce     0x1373 ./Middlewares/ST/STM32_USB_Device_Library/Core/Src/usbd_ctlreq.o
 .debug_info    0x000000000000bf41     0x1095 ./Middlewares/ST/STM32_USB_Device_Library/Core/Src/usbd_ioreq.o
 .debug_info    0x000000000000cfd6      0xfd2 ./USB_DEVICE/App/usb_device.o
 .debug_info    0x000000000000dfa8      0xdfa ./USB_DEVICE/App/usbd_desc.o
 .debug_info    0x000000000000eda2     0x13c1 ./USB_DEVICE/App/usbd_midi_if.o
 .debug_info    0x0000000000010163     0x2238 ./USB_DEVICE/Target/usbd_conf.o

.debug_abbrev   0x0000000000000000     0x2ce9
 .debug_abbrev  0x0000000000000000      0x283 ./Core/Src/main.o
 .debug_abbrev  0x0000000000000283      0x11d ./Core/Src/stm32f4xx_hal_msp.o
 .debug_abbrev  0x00000000000003a0      0x184 ./Core/Src/stm32f4xx_it.o
 .debug_abbrev  0x0000000000000524      0x145 ./Core/Src/system_stm32f4xx.o
 .debug_abbrev  0x0000000000000669       0x12 ./Core/Startup/startup_stm32f401ccux.o
 .debug_abbrev  0x000000000000067b      0x21e ./Drivers/STM32F4xx_HAL_Driver/Src/stm32f4xx_hal.o
 .debug_abbrev  0x0000000000000899      0x33c ./Drivers/STM32F4xx_HAL_Driver/Src/stm32f4xx_hal_cortex.o
 .debug_abbrev  0x0000000000000bd5      0x1f1 ./Drivers/STM32F4xx_HAL_Driver/Src/stm32f4xx_hal_gpio.o
 .debug_abbrev  0x0000000000000dc6      0x2a0 ./Drivers/STM32F4xx_HAL_Driver/Src/stm32f4xx_hal_pcd.o
 .debug_abbrev  0x0000000000001066      0x1fb ./Drivers/STM32F4xx_HAL_Driver/Src/stm32f4xx_hal_pcd_ex.o
 .debug_abbrev  0x0000000000001261      0x275 ./Drivers/STM32F4xx_HAL_Driver/Src/stm32f4xx_hal_rcc.o
 .debug_abbrev  0x00000000000014d6      0x2a7 ./Drivers/STM32F4xx_HAL_Driver/Src/stm32f4xx_ll_usb.o
 .debug_abbrev  0x000000000000177d      0x316 ./Middlewares/ST/STM32_USB_Device_Library/Class/MIDI/Src/usbd_midi.o
 .debug_abbrev  0x0000000000001a93      0x2b7 ./Middlewares/ST/STM32_USB_Device_Library/Core/Src/usbd_core.o
 .debug_abbrev  0x0000000000001d4a      0x2fc ./Middlewares/ST/STM32_USB_Device_Library/Core/Src/usbd_ctlreq.o
 .debug_abbrev  0x0000000000002046      0x22a ./Middlewares/ST/STM32_USB_Device_Library/Core/Src/usbd_ioreq.o
 .debug_abbrev  0x0000000000002270      0x1f7 ./USB_DEVICE/App/usb_device.o
 .debug_abbrev  0x0000000000002467      0x2aa ./USB_DEVICE/App/usbd_desc.o
 .debug_abbrev  0x0000000000002711      0x2a3 ./USB_DEVICE/App/usbd_midi_if.o
 .debug_abbrev  0x00000000000029b4      0x335 ./USB_DEVICE/Target/usbd_conf.o

.debug_aranges  0x0000000000000000      0xb28
 .debug_aranges
                0x0000000000000000       0x38 ./Core/Src/main.o
 .debug_aranges
                0x0000000000000038       0x20 ./Core/Src/stm32f4xx_hal_msp.o
 .debug_aranges
                0x0000000000000058       0x68 ./Core/Src/stm32f4xx_it.o
 .debug_aranges
                0x00000000000000c0       0x28 ./Core/Src/system_stm32f4xx.o
 .debug_aranges
                0x00000000000000e8       0x28 ./Core/Startup/startup_stm32f401ccux.o
 .debug_aranges
                0x0000000000000110       0xf0 ./Drivers/STM32F4xx_HAL_Driver/Src/stm32f4xx_hal.o
 .debug_aranges
                0x0000000000000200      0x118 ./Drivers/STM32F4xx_HAL_Driver/Src/stm32f4xx_hal_cortex.o
 .debug_aranges
                0x0000000000000318       0x58 ./Drivers/STM32F4xx_HAL_Driver/Src/stm32f4xx_hal_gpio.o
 .debug_aranges
                0x0000000000000370      0x138 ./Drivers/STM32F4xx_HAL_Driver/Src/stm32f4xx_hal_pcd.o
 .debug_aranges
                0x00000000000004a8       0x38 ./Drivers/STM32F4xx_HAL_Driver/Src/stm32f4xx_hal_pcd_ex.o
 .debug_aranges
                0x00000000000004e0       0x88 ./Drivers/STM32F4xx_HAL_Driver/Src/stm32f4xx_hal_rcc.o
 .debug_aranges
                0x0000000000000568      0x198 ./Drivers/STM32F4xx_HAL_Driver/Src/stm32f4xx_ll_usb.o
 .debug_aranges
                0x0000000000000700       0xa8 ./Middlewares/ST/STM32_USB_Device_Library/Class/MIDI/Src/usbd_midi.o
 .debug_aranges
                0x00000000000007a8       0xb8 ./Middlewares/ST/STM32_USB_Device_Library/Core/Src/usbd_core.o
 .debug_aranges
                0x0000000000000860       0x90 ./Middlewares/ST/STM32_USB_Device_Library/Core/Src/usbd_ctlreq.o
 .debug_aranges
                0x00000000000008f0       0x50 ./Middlewares/ST/STM32_USB_Device_Library/Core/Src/usbd_ioreq.o
 .debug_aranges
                0x0000000000000940       0x20 ./USB_DEVICE/App/usb_device.o
 .debug_aranges
                0x0000000000000960       0x60 ./USB_DEVICE/App/usbd_desc.o
 .debug_aranges
                0x00000000000009c0       0x58 ./USB_DEVICE/App/usbd_midi_if.o
 .debug_aranges
                0x0000000000000a18      0x110 ./USB_DEVICE/Target/usbd_conf.o

.debug_ranges   0x0000000000000000      0x9f0
 .debug_ranges  0x0000000000000000       0x28 ./Core/Src/main.o
 .debug_ranges  0x0000000000000028       0x10 ./Core/Src/stm32f4xx_hal_msp.o
 .debug_ranges  0x0000000000000038       0x58 ./Core/Src/stm32f4xx_it.o
 .debug_ranges  0x0000000000000090       0x18 ./Core/Src/system_stm32f4xx.o
 .debug_ranges  0x00000000000000a8       0x20 ./Core/Startup/startup_stm32f401ccux.o
 .debug_ranges  0x00000000000000c8       0xe0 ./Drivers/STM32F4xx_HAL_Driver/Src/stm32f4xx_hal.o
 .debug_ranges  0x00000000000001a8      0x108 ./Drivers/STM32F4xx_HAL_Driver/Src/stm32f4xx_hal_cortex.o
 .debug_ranges  0x00000000000002b0       0x48 ./Drivers/STM32F4xx_HAL_Driver/Src/stm32f4xx_hal_gpio.o
 .debug_ranges  0x00000000000002f8      0x128 ./Drivers/STM32F4xx_HAL_Driver/Src/stm32f4xx_hal_pcd.o
 .debug_ranges  0x0000000000000420       0x28 ./Drivers/STM32F4xx_HAL_Driver/Src/stm32f4xx_hal_pcd_ex.o
 .debug_ranges  0x0000000000000448       0x78 ./Drivers/STM32F4xx_HAL_Driver/Src/stm32f4xx_hal_rcc.o
 .debug_ranges  0x00000000000004c0      0x188 ./Drivers/STM32F4xx_HAL_Driver/Src/stm32f4xx_ll_usb.o
 .debug_ranges  0x0000000000000648       0x98 ./Middlewares/ST/STM32_USB_Device_Library/Class/MIDI/Src/usbd_midi.o
 .debug_ranges  0x00000000000006e0       0xa8 ./Middlewares/ST/STM32_USB_Device_Library/Core/Src/usbd_core.o
 .debug_ranges  0x0000000000000788       0x80 ./Middlewares/ST/STM32_USB_Device_Library/Core/Src/usbd_ctlreq.o
 .debug_ranges  0x0000000000000808       0x40 ./Middlewares/ST/STM32_USB_Device_Library/Core/Src/usbd_ioreq.o
 .debug_ranges  0x0000000000000848       0x10 ./USB_DEVICE/App/usb_device.o
 .debug_ranges  0x0000000000000858       0x50 ./USB_DEVICE/App/usbd_desc.o
 .debug_ranges  0x00000000000008a8       0x48 ./USB_DEVICE/App/usbd_midi_if.o
 .debug_ranges  0x00000000000008f0      0x100 ./USB_DEVICE/Target/usbd_conf.o

.debug_macro    0x0000000000000000    0x17d16
 .debug_macro   0x0000000000000000      0x40e ./Core/Src/main.o
 .debug_macro   0x000000000000040e      0xaa8 ./Core/Src/main.o
 .debug_macro   0x0000000000000eb6      0x295 ./Core/Src/main.o
 .debug_macro   0x000000000000114b       0x2e ./Core/Src/main.o
 .debug_macro   0x0000000000001179       0x28 ./Core/Src/main.o
 .debug_macro   0x00000000000011a1       0x22 ./Core/Src/main.o
 .debug_macro   0x00000000000011c3       0x8e ./Core/Src/main.o
 .debug_macro   0x0000000000001251       0x51 ./Core/Src/main.o
 .debug_macro   0x00000000000012a2      0x103 ./Core/Src/main.o
 .debug_macro   0x00000000000013a5       0x6a ./Core/Src/main.o
 .debug_macro   0x000000000000140f      0x1df ./Core/Src/main.o
 .debug_macro   0x00000000000015ee       0x1c ./Core/Src/main.o
 .debug_macro   0x000000000000160a       0x22 ./Core/Src/main.o
 .debug_macro   0x000000000000162c       0xdf ./Core/Src/main.o
 .debug_macro   0x000000000000170b     0x102d ./Core/Src/main.o
 .debug_macro   0x0000000000002738      0x11f ./Core/Src/main.o
 .debug_macro   0x0000000000002857     0xb86c ./Core/Src/main.o
 .debug_macro   0x000000000000e0c3       0x6d ./Core/Src/main.o
 .debug_macro   0x000000000000e130     0x3666 ./Core/Src/main.o
 .debug_macro   0x0000000000011796      0x174 ./Core/Src/main.o
 .debug_macro   0x000000000001190a       0x5c ./Core/Src/main.o
 .debug_macro   0x0000000000011966      0x416 ./Core/Src/main.o
 .debug_macro   0x0000000000011d7c      0x9fe ./Core/Src/main.o
 .debug_macro   0x000000000001277a      0x116 ./Core/Src/main.o
 .debug_macro   0x0000000000012890       0xf8 ./Core/Src/main.o
 .debug_macro   0x0000000000012988       0xa5 ./Core/Src/main.o
 .debug_macro   0x0000000000012a2d      0x15f ./Core/Src/main.o
 .debug_macro   0x0000000000012b8c      0x287 ./Core/Src/main.o
 .debug_macro   0x0000000000012e13       0x5f ./Core/Src/main.o
 .debug_macro   0x0000000000012e72      0x236 ./Core/Src/main.o
 .debug_macro   0x00000000000130a8      0x132 ./Core/Src/main.o
 .debug_macro   0x00000000000131da      0x23a ./Core/Src/main.o
 .debug_macro   0x0000000000013414       0x2e ./Core/Src/main.o
 .debug_macro   0x0000000000013442      0x11a ./Core/Src/main.o
 .debug_macro   0x000000000001355c       0x85 ./Core/Src/main.o
 .debug_macro   0x00000000000135e1       0x89 ./Core/Src/main.o
 .debug_macro   0x000000000001366a      0x21e ./Core/Src/main.o
 .debug_macro   0x0000000000013888       0xba ./Core/Src/main.o
 .debug_macro   0x0000000000013942      0x126 ./Core/Src/main.o
 .debug_macro   0x0000000000013a68       0x52 ./Core/Src/main.o
 .debug_macro   0x0000000000013aba       0x18 ./Core/Src/main.o
 .debug_macro   0x0000000000013ad2       0x3c ./Core/Src/main.o
 .debug_macro   0x0000000000013b0e       0x34 ./Core/Src/main.o
 .debug_macro   0x0000000000013b42       0x16 ./Core/Src/main.o
 .debug_macro   0x0000000000013b58       0x35 ./Core/Src/main.o
 .debug_macro   0x0000000000013b8d      0x333 ./Core/Src/main.o
 .debug_macro   0x0000000000013ec0       0x10 ./Core/Src/main.o
 .debug_macro   0x0000000000013ed0       0x16 ./Core/Src/main.o
 .debug_macro   0x0000000000013ee6       0x43 ./Core/Src/main.o
 .debug_macro   0x0000000000013f29       0x34 ./Core/Src/main.o
 .debug_macro   0x0000000000013f5d       0x10 ./Core/Src/main.o
 .debug_macro   0x0000000000013f6d       0x58 ./Core/Src/main.o
 .debug_macro   0x0000000000013fc5       0x71 ./Core/Src/main.o
 .debug_macro   0x0000000000014036       0x1c ./Core/Src/main.o
 .debug_macro   0x0000000000014052      0x12a ./Core/Src/main.o
 .debug_macro   0x000000000001417c       0x10 ./Core/Src/main.o
 .debug_macro   0x000000000001418c       0x1c ./Core/Src/main.o
 .debug_macro   0x00000000000141a8       0x52 ./Core/Src/main.o
 .debug_macro   0x00000000000141fa       0x22 ./Core/Src/main.o
 .debug_macro   0x000000000001421c       0x10 ./Core/Src/main.o
 .debug_macro   0x000000000001422c       0x40 ./Core/Src/main.o
 .debug_macro   0x000000000001426c       0xd5 ./Core/Src/main.o
 .debug_macro   0x0000000000014341       0x1c ./Core/Src/main.o
 .debug_macro   0x000000000001435d       0x3d ./Core/Src/main.o
 .debug_macro   0x000000000001439a       0x16 ./Core/Src/main.o
 .debug_macro   0x00000000000143b0      0x145 ./Core/Src/main.o
 .debug_macro   0x00000000000144f5       0x16 ./Core/Src/main.o
 .debug_macro   0x000000000001450b       0x16 ./Core/Src/main.o
 .debug_macro   0x0000000000014521       0x29 ./Core/Src/main.o
 .debug_macro   0x000000000001454a       0x16 ./Core/Src/main.o
 .debug_macro   0x0000000000014560       0x20 ./Core/Src/main.o
 .debug_macro   0x0000000000014580       0x6b ./Core/Src/main.o
 .debug_macro   0x00000000000145eb      0x1ef ./Core/Src/main.o
 .debug_macro   0x00000000000147da       0x1c ./Core/Src/main.o
 .debug_macro   0x00000000000147f6      0x1de ./Core/Src/stm32f4xx_hal_msp.o
 .debug_macro   0x00000000000149d4      0x1e8 ./Core/Src/stm32f4xx_it.o
 .debug_macro   0x0000000000014bbc      0x1d4 ./Core/Src/system_stm32f4xx.o
 .debug_macro   0x0000000000014d90      0x234 ./Drivers/STM32F4xx_HAL_Driver/Src/stm32f4xx_hal.o
 .debug_macro   0x0000000000014fc4      0x1d4 ./Drivers/STM32F4xx_HAL_Driver/Src/stm32f4xx_hal_cortex.o
 .debug_macro   0x0000000000015198      0x1da ./Drivers/STM32F4xx_HAL_Driver/Src/stm32f4xx_hal_gpio.o
 .debug_macro   0x0000000000015372      0x1e0 ./Drivers/STM32F4xx_HAL_Driver/Src/stm32f4xx_hal_pcd.o
 .debug_macro   0x0000000000015552      0x1d4 ./Drivers/STM32F4xx_HAL_Driver/Src/stm32f4xx_hal_pcd_ex.o
 .debug_macro   0x0000000000015726      0x1f8 ./Drivers/STM32F4xx_HAL_Driver/Src/stm32f4xx_hal_rcc.o
 .debug_macro   0x000000000001591e      0x1d4 ./Drivers/STM32F4xx_HAL_Driver/Src/stm32f4xx_ll_usb.o
 .debug_macro   0x0000000000015af2      0x3f4 ./Middlewares/ST/STM32_USB_Device_Library/Class/MIDI/Src/usbd_midi.o
 .debug_macro   0x0000000000015ee6      0x3db ./Middlewares/ST/STM32_USB_Device_Library/Core/Src/usbd_core.o
 .debug_macro   0x00000000000162c1      0x1f5 ./Middlewares/ST/STM32_USB_Device_Library/Core/Src/usbd_core.o
 .debug_macro   0x00000000000164b6      0x3e5 ./Middlewares/ST/STM32_USB_Device_Library/Core/Src/usbd_ctlreq.o
 .debug_macro   0x000000000001689b      0x3e1 ./Middlewares/ST/STM32_USB_Device_Library/Core/Src/usbd_ioreq.o
 .debug_macro   0x0000000000016c7c      0x424 ./USB_DEVICE/App/usb_device.o
 .debug_macro   0x00000000000170a0       0x22 ./USB_DEVICE/App/usb_device.o
 .debug_macro   0x00000000000170c2       0x22 ./USB_DEVICE/App/usb_device.o
 .debug_macro   0x00000000000170e4      0x41e ./USB_DEVICE/App/usbd_desc.o
 .debug_macro   0x0000000000017502       0x1c ./USB_DEVICE/App/usbd_desc.o
 .debug_macro   0x000000000001751e      0x3fa ./USB_DEVICE/App/usbd_midi_if.o
 .debug_macro   0x0000000000017918      0x3fe ./USB_DEVICE/Target/usbd_conf.o

.debug_line     0x0000000000000000     0xea9e
 .debug_line    0x0000000000000000      0xae9 ./Core/Src/main.o
 .debug_line    0x0000000000000ae9      0x6f4 ./Core/Src/stm32f4xx_hal_msp.o
 .debug_line    0x00000000000011dd      0x7cf ./Core/Src/stm32f4xx_it.o
 .debug_line    0x00000000000019ac      0x776 ./Core/Src/system_stm32f4xx.o
 .debug_line    0x0000000000002122       0x88 ./Core/Startup/startup_stm32f401ccux.o
 .debug_line    0x00000000000021aa      0x9dc ./Drivers/STM32F4xx_HAL_Driver/Src/stm32f4xx_hal.o
 .debug_line    0x0000000000002b86      0xc8b ./Drivers/STM32F4xx_HAL_Driver/Src/stm32f4xx_hal_cortex.o
 .debug_line    0x0000000000003811      0xb16 ./Drivers/STM32F4xx_HAL_Driver/Src/stm32f4xx_hal_gpio.o
 .debug_line    0x0000000000004327     0x1329 ./Drivers/STM32F4xx_HAL_Driver/Src/stm32f4xx_hal_pcd.o
 .debug_line    0x0000000000005650      0x7bf ./Drivers/STM32F4xx_HAL_Driver/Src/stm32f4xx_hal_pcd_ex.o
 .debug_line    0x0000000000005e0f      0xd56 ./Drivers/STM32F4xx_HAL_Driver/Src/stm32f4xx_hal_rcc.o
 .debug_line    0x0000000000006b65     0x196b ./Drivers/STM32F4xx_HAL_Driver/Src/stm32f4xx_ll_usb.o
 .debug_line    0x00000000000084d0      0xc86 ./Middlewares/ST/STM32_USB_Device_Library/Class/MIDI/Src/usbd_midi.o
 .debug_line    0x0000000000009156      0xe51 ./Middlewares/ST/STM32_USB_Device_Library/Core/Src/usbd_core.o
 .debug_line    0x0000000000009fa7     0x10d1 ./Middlewares/ST/STM32_USB_Device_Library/Core/Src/usbd_ctlreq.o
 .debug_line    0x000000000000b078      0xaa8 ./Middlewares/ST/STM32_USB_Device_Library/Core/Src/usbd_ioreq.o
 .debug_line    0x000000000000bb20      0xab2 ./USB_DEVICE/App/usb_device.o
 .debug_line    0x000000000000c5d2      0xb2d ./USB_DEVICE/App/usbd_desc.o
 .debug_line    0x000000000000d0ff      0xb51 ./USB_DEVICE/App/usbd_midi_if.o
 .debug_line    0x000000000000dc50      0xe4e ./USB_DEVICE/Target/usbd_conf.o

.debug_str      0x0000000000000000    0x8654f
 .debug_str     0x0000000000000000    0x831af ./Core/Src/main.o
                                      0x83590 (size before relaxing)
 .debug_str     0x00000000000831af       0x2c ./Core/Src/stm32f4xx_hal_msp.o
                                      0x7e32b (size before relaxing)
 .debug_str     0x00000000000831db      0x427 ./Core/Src/stm32f4xx_it.o
                                      0x7e65c (size before relaxing)
 .debug_str     0x0000000000083602       0xaf ./Core/Src/system_stm32f4xx.o
                                      0x7e39d (size before relaxing)
 .debug_str     0x00000000000836b1       0x36 ./Core/Startup/startup_stm32f401ccux.o
                                         0x6e (size before relaxing)
 .debug_str     0x00000000000836e7      0x905 ./Drivers/STM32F4xx_HAL_Driver/Src/stm32f4xx_hal.o
                                      0x7ed1d (size before relaxing)
 .debug_str     0x0000000000083fec      0x3a5 ./Drivers/STM32F4xx_HAL_Driver/Src/stm32f4xx_hal_cortex.o
                                      0x7eafa (size before relaxing)
 .debug_str     0x0000000000084391      0x1cd ./Drivers/STM32F4xx_HAL_Driver/Src/stm32f4xx_hal_gpio.o
                                      0x7e544 (size before relaxing)
 .debug_str     0x000000000008455e      0x564 ./Drivers/STM32F4xx_HAL_Driver/Src/stm32f4xx_hal_pcd.o
                                      0x7eb75 (size before relaxing)
 .debug_str     0x0000000000084ac2      0x13f ./Drivers/STM32F4xx_HAL_Driver/Src/stm32f4xx_hal_pcd_ex.o
                                      0x7e740 (size before relaxing)
 .debug_str     0x0000000000084c01      0x269 ./Drivers/STM32F4xx_HAL_Driver/Src/stm32f4xx_hal_rcc.o
                                      0x7e79f (size before relaxing)
 .debug_str     0x0000000000084e6a      0x6a0 ./Drivers/STM32F4xx_HAL_Driver/Src/stm32f4xx_ll_usb.o
                                      0x7ecac (size before relaxing)
 .debug_str     0x000000000008550a      0x279 ./Middlewares/ST/STM32_USB_Device_Library/Class/MIDI/Src/usbd_midi.o
                                      0x83528 (size before relaxing)
 .debug_str     0x0000000000085783      0x1b5 ./Middlewares/ST/STM32_USB_Device_Library/Core/Src/usbd_core.o
                                      0x83403 (size before relaxing)
 .debug_str     0x0000000000085938      0x152 ./Middlewares/ST/STM32_USB_Device_Library/Core/Src/usbd_ctlreq.o
                                      0x833c1 (size before relaxing)
 .debug_str     0x0000000000085a8a       0xc9 ./Middlewares/ST/STM32_USB_Device_Library/Core/Src/usbd_ioreq.o
                                      0x83311 (size before relaxing)
 .debug_str     0x0000000000085b53      0x593 ./USB_DEVICE/App/usb_device.o
                                      0x838ab (size before relaxing)
 .debug_str     0x00000000000860e6      0x26e ./USB_DEVICE/App/usbd_desc.o
                                      0x83263 (size before relaxing)
 .debug_str     0x0000000000086354       0xa7 ./USB_DEVICE/App/usbd_midi_if.o
                                      0x83446 (size before relaxing)
 .debug_str     0x00000000000863fb      0x154 ./USB_DEVICE/Target/usbd_conf.o
                                      0x84339 (size before relaxing)

.comment        0x0000000000000000       0x53
 .comment       0x0000000000000000       0x53 ./Core/Src/main.o
                                         0x54 (size before relaxing)
 .comment       0x0000000000000053       0x54 ./Core/Src/stm32f4xx_hal_msp.o
 .comment       0x0000000000000053       0x54 ./Core/Src/stm32f4xx_it.o
 .comment       0x0000000000000053       0x54 ./Core/Src/system_stm32f4xx.o
 .comment       0x0000000000000053       0x54 ./Drivers/STM32F4xx_HAL_Driver/Src/stm32f4xx_hal.o
 .comment       0x0000000000000053       0x54 ./Drivers/STM32F4xx_HAL_Driver/Src/stm32f4xx_hal_cortex.o
 .comment       0x0000000000000053       0x54 ./Drivers/STM32F4xx_HAL_Driver/Src/stm32f4xx_hal_gpio.o
 .comment       0x0000000000000053       0x54 ./Drivers/STM32F4xx_HAL_Driver/Src/stm32f4xx_hal_pcd.o
 .comment       0x0000000000000053       0x54 ./Drivers/STM32F4xx_HAL_Driver/Src/stm32f4xx_hal_pcd_ex.o
 .comment       0x0000000000000053       0x54 ./Drivers/STM32F4xx_HAL_Driver/Src/stm32f4xx_hal_rcc.o
 .comment       0x0000000000000053       0x54 ./Drivers/STM32F4xx_HAL_Driver/Src/stm32f4xx_ll_usb.o
 .comment       0x0000000000000053       0x54 ./Middlewares/ST/STM32_USB_Device_Library/Class/MIDI/Src/usbd_midi.o
 .comment       0x0000000000000053       0x54 ./Middlewares/ST/STM32_USB_Device_Library/Core/Src/usbd_core.o
 .comment       0x0000000000000053       0x54 ./Middlewares/ST/STM32_USB_Device_Library/Core/Src/usbd_ctlreq.o
 .comment       0x0000000000000053       0x54 ./Middlewares/ST/STM32_USB_Device_Library/Core/Src/usbd_ioreq.o
 .comment       0x0000000000000053       0x54 ./USB_DEVICE/App/usb_device.o
 .comment       0x0000000000000053       0x54 ./USB_DEVICE/App/usbd_desc.o
 .comment       0x0000000000000053       0x54 ./USB_DEVICE/App/usbd_midi_if.o
 .comment       0x0000000000000053       0x54 ./USB_DEVICE/Target/usbd_conf.o

.debug_frame    0x0000000000000000     0x2c50
 .debug_frame   0x0000000000000000       0x90 ./Core/Src/main.o
 .debug_frame   0x0000000000000090       0x38 ./Core/Src/stm32f4xx_hal_msp.o
 .debug_frame   0x00000000000000c8      0x120 ./Core/Src/stm32f4xx_it.o
 .debug_frame   0x00000000000001e8       0x58 ./Core/Src/system_stm32f4xx.o
 .debug_frame   0x0000000000000240      0x374 ./Drivers/STM32F4xx_HAL_Driver/Src/stm32f4xx_hal.o
 .debug_frame   0x00000000000005b4      0x498 ./Drivers/STM32F4xx_HAL_Driver/Src/stm32f4xx_hal_cortex.o
 .debug_frame   0x0000000000000a4c      0x14c ./Drivers/STM32F4xx_HAL_Driver/Src/stm32f4xx_hal_gpio.o
 .debug_frame   0x0000000000000b98      0x574 ./Drivers/STM32F4xx_HAL_Driver/Src/stm32f4xx_hal_pcd.o
 .debug_frame   0x000000000000110c       0xb0 ./Drivers/STM32F4xx_HAL_Driver/Src/stm32f4xx_hal_pcd_ex.o
 .debug_frame   0x00000000000011bc      0x1ec ./Drivers/STM32F4xx_HAL_Driver/Src/stm32f4xx_hal_rcc.o
 .debug_frame   0x00000000000013a8      0x798 ./Drivers/STM32F4xx_HAL_Driver/Src/stm32f4xx_ll_usb.o
 .debug_frame   0x0000000000001b40      0x2cc ./Middlewares/ST/STM32_USB_Device_Library/Class/MIDI/Src/usbd_midi.o
 .debug_frame   0x0000000000001e0c      0x2f4 ./Middlewares/ST/STM32_USB_Device_Library/Core/Src/usbd_core.o
 .debug_frame   0x0000000000002100      0x23c ./Middlewares/ST/STM32_USB_Device_Library/Core/Src/usbd_ctlreq.o
 .debug_frame   0x000000000000233c      0x10c ./Middlewares/ST/STM32_USB_Device_Library/Core/Src/usbd_ioreq.o
 .debug_frame   0x0000000000002448       0x2c ./USB_DEVICE/App/usb_device.o
 .debug_frame   0x0000000000002474      0x160 ./USB_DEVICE/App/usbd_desc.o
 .debug_frame   0x00000000000025d4      0x12c ./USB_DEVICE/App/usbd_midi_if.o
 .debug_frame   0x0000000000002700      0x47c ./USB_DEVICE/Target/usbd_conf.o
 .debug_frame   0x0000000000002b7c       0x2c /Applications/STM32CubeIDE.app/Contents/Eclipse/plugins/com.st.stm32cube.ide.mcu.externaltools.gnu-tools-for-stm32.9-2020-q2-update.macos64_2.0.0.202105311346/tools/bin/../lib/gcc/arm-none-eabi/9.3.1/../../../../arm-none-eabi/lib/thumb/v7e-m+fp/hard/libc_nano.a(lib_a-init.o)
 .debug_frame   0x0000000000002ba8       0x28 /Applications/STM32CubeIDE.app/Contents/Eclipse/plugins/com.st.stm32cube.ide.mcu.externaltools.gnu-tools-for-stm32.9-2020-q2-update.macos64_2.0.0.202105311346/tools/bin/../lib/gcc/arm-none-eabi/9.3.1/../../../../arm-none-eabi/lib/thumb/v7e-m+fp/hard/libc_nano.a(lib_a-memcpy-stub.o)
 .debug_frame   0x0000000000002bd0       0x20 /Applications/STM32CubeIDE.app/Contents/Eclipse/plugins/com.st.stm32cube.ide.mcu.externaltools.gnu-tools-for-stm32.9-2020-q2-update.macos64_2.0.0.202105311346/tools/bin/../lib/gcc/arm-none-eabi/9.3.1/../../../../arm-none-eabi/lib/thumb/v7e-m+fp/hard/libc_nano.a(lib_a-memset.o)
 .debug_frame   0x0000000000002bf0       0x2c /Applications/STM32CubeIDE.app/Contents/Eclipse/plugins/com.st.stm32cube.ide.mcu.externaltools.gnu-tools-for-stm32.9-2020-q2-update.macos64_2.0.0.202105311346/tools/bin/../lib/gcc/arm-none-eabi/9.3.1/thumb/v7e-m+fp/hard/libgcc.a(_aeabi_uldivmod.o)
 .debug_frame   0x0000000000002c1c       0x34 /Applications/STM32CubeIDE.app/Contents/Eclipse/plugins/com.st.stm32cube.ide.mcu.externaltools.gnu-tools-for-stm32.9-2020-q2-update.macos64_2.0.0.202105311346/tools/bin/../lib/gcc/arm-none-eabi/9.3.1/thumb/v7e-m+fp/hard/libgcc.a(_udivmoddi4.o)
